Gym has been unmaintained since 2022 and does not support NumPy 2.0 amongst other critical functionality.
Please upgrade to Gymnasium, the maintained drop-in replacement of Gym, or contact the authors of your software and request that they upgrade.
See the migration guide at https://gymnasium.farama.org/introduction/migration_guide/ for additional information.



LOGGING TO:  /home/namankum/16831_hw/hw3/rob831/scripts/../../data/q1_doubledqn_2_LunarLander-v3_11-03-2026_19-28-26 



########################
logging outputs to  /home/namankum/16831_hw/hw3/rob831/scripts/../../data/q1_doubledqn_2_LunarLander-v3_11-03-2026_19-28-26
########################
Using GPU id 0
/home/namankum/16831_hw/hw2/.venv/lib64/python3.9/site-packages/gym/core.py:317: DeprecationWarning: [33mWARN: Initializing wrapper in old step API which returns one bool instead of two. It is recommended to set `new_step_api=True` to use new step API. This will be the default behaviour in future.[0m
  deprecation(
/home/namankum/16831_hw/hw2/.venv/lib64/python3.9/site-packages/gym/wrappers/step_api_compatibility.py:39: DeprecationWarning: [33mWARN: Initializing environment in old step API which returns one bool instead of two. It is recommended to set `new_step_api=True` to use new step API. This will be the default behaviour in future.[0m
  deprecation(
/home/namankum/16831_hw/hw2/.venv/lib64/python3.9/site-packages/gym/core.py:256: DeprecationWarning: [33mWARN: Function `env.seed(seed)` is marked as deprecated and will be removed in the future. Please use `env.reset(seed=seed)` instead.[0m
  deprecation(
/home/namankum/16831_hw/hw2/.venv/lib64/python3.9/site-packages/matplotlib/_fontconfig_pattern.py:64: PyparsingDeprecationWarning: 'oneOf' deprecated - use 'one_of'
  prop = Group((name + Suppress("=") + comma_separated(value)) | oneOf(_CONSTANTS))
/home/namankum/16831_hw/hw2/.venv/lib64/python3.9/site-packages/matplotlib/_fontconfig_pattern.py:85: PyparsingDeprecationWarning: 'parseString' deprecated - use 'parse_string'
  parse = parser.parseString(pattern)
/home/namankum/16831_hw/hw2/.venv/lib64/python3.9/site-packages/matplotlib/_fontconfig_pattern.py:89: PyparsingDeprecationWarning: 'resetCache' deprecated - use 'reset_cache'
  parser.resetCache()


********** Iteration 0 ************
/home/namankum/16831_hw/hw2/.venv/lib64/python3.9/site-packages/gym/utils/passive_env_checker.py:241: DeprecationWarning: `np.bool8` is a deprecated alias for `np.bool_`.  (Deprecated NumPy 1.24)
  if not isinstance(terminated, (bool, np.bool8)):

Training agent...

Beginning logging procedure...
Timestep 1
mean reward (100 episodes) nan
best mean reward -inf
running time 0.001051
Train_EnvstepsSoFar : 1
TimeSinceStart : 0.0010514259338378906
Done logging...




********** Iteration 1000 ************

Training agent...


********** Iteration 2000 ************

Training agent...


********** Iteration 3000 ************

Training agent...


********** Iteration 4000 ************

Training agent...


********** Iteration 5000 ************

Training agent...


********** Iteration 6000 ************

Training agent...


********** Iteration 7000 ************

Training agent...


********** Iteration 8000 ************

Training agent...


********** Iteration 9000 ************

Training agent...


********** Iteration 10000 ************

Training agent...

Beginning logging procedure...
Timestep 10001
mean reward (100 episodes) -157.324609
best mean reward -inf
running time 52.025887
Train_EnvstepsSoFar : 10001
Train_AverageReturn : -157.32460863710168
TimeSinceStart : 52.02588653564453
Training Loss : 0.4114935100078583
Done logging...




********** Iteration 11000 ************

Training agent...


********** Iteration 12000 ************

Training agent...


********** Iteration 13000 ************

Training agent...


********** Iteration 14000 ************

Training agent...


********** Iteration 15000 ************

Training agent...


********** Iteration 16000 ************

Training agent...


********** Iteration 17000 ************

Training agent...


********** Iteration 18000 ************

Training agent...


********** Iteration 19000 ************

Training agent...


********** Iteration 20000 ************

Training agent...

Beginning logging procedure...
Timestep 20001
mean reward (100 episodes) -107.379872
best mean reward -107.379872
running time 116.198241
Train_EnvstepsSoFar : 20001
Train_AverageReturn : -107.37987168340365
Train_BestReturn : -107.37987168340365
TimeSinceStart : 116.1982409954071
Training Loss : 0.6532543897628784
Done logging...




********** Iteration 21000 ************

Training agent...


********** Iteration 22000 ************

Training agent...


********** Iteration 23000 ************

Training agent...


********** Iteration 24000 ************

Training agent...


********** Iteration 25000 ************

Training agent...


********** Iteration 26000 ************

Training agent...


********** Iteration 27000 ************

Training agent...


********** Iteration 28000 ************

Training agent...


********** Iteration 29000 ************

Training agent...


********** Iteration 30000 ************

Training agent...

Beginning logging procedure...
Timestep 30001
mean reward (100 episodes) -100.589004
best mean reward -100.589004
running time 187.776422
Train_EnvstepsSoFar : 30001
Train_AverageReturn : -100.58900370329923
Train_BestReturn : -100.58900370329923
TimeSinceStart : 187.7764220237732
Training Loss : 3.3224658966064453
Done logging...




********** Iteration 31000 ************

Training agent...


********** Iteration 32000 ************

Training agent...


********** Iteration 33000 ************

Training agent...


********** Iteration 34000 ************

Training agent...


********** Iteration 35000 ************

Training agent...


********** Iteration 36000 ************

Training agent...


********** Iteration 37000 ************

Training agent...


********** Iteration 38000 ************

Training agent...


********** Iteration 39000 ************

Training agent...


********** Iteration 40000 ************

Training agent...

Beginning logging procedure...
Timestep 40001
mean reward (100 episodes) -101.915720
best mean reward -100.589004
running time 262.329529
Train_EnvstepsSoFar : 40001
Train_AverageReturn : -101.91572046176638
Train_BestReturn : -100.58900370329923
TimeSinceStart : 262.32952857017517
Training Loss : 0.8076828122138977
Done logging...




********** Iteration 41000 ************

Training agent...


********** Iteration 42000 ************

Training agent...


********** Iteration 43000 ************

Training agent...


********** Iteration 44000 ************

Training agent...


********** Iteration 45000 ************

Training agent...


********** Iteration 46000 ************

Training agent...


********** Iteration 47000 ************

Training agent...


********** Iteration 48000 ************

Training agent...


********** Iteration 49000 ************

Training agent...


********** Iteration 50000 ************

Training agent...

Beginning logging procedure...
Timestep 50001
mean reward (100 episodes) -98.786781
best mean reward -98.786781
running time 333.092572
Train_EnvstepsSoFar : 50001
Train_AverageReturn : -98.78678113224278
Train_BestReturn : -98.78678113224278
TimeSinceStart : 333.09257221221924
Training Loss : 0.48629724979400635
Done logging...




********** Iteration 51000 ************

Training agent...


********** Iteration 52000 ************

Training agent...


********** Iteration 53000 ************

Training agent...


********** Iteration 54000 ************

Training agent...


********** Iteration 55000 ************

Training agent...


********** Iteration 56000 ************

Training agent...


********** Iteration 57000 ************

Training agent...


********** Iteration 58000 ************

Training agent...


********** Iteration 59000 ************

Training agent...


********** Iteration 60000 ************

Training agent...

Beginning logging procedure...
Timestep 60001
mean reward (100 episodes) -94.756361
best mean reward -94.756361
running time 398.307082
Train_EnvstepsSoFar : 60001
Train_AverageReturn : -94.75636074900272
Train_BestReturn : -94.75636074900272
TimeSinceStart : 398.3070824146271
Training Loss : 0.7884278297424316
Done logging...




********** Iteration 61000 ************

Training agent...


********** Iteration 62000 ************

Training agent...


********** Iteration 63000 ************

Training agent...


********** Iteration 64000 ************

Training agent...


********** Iteration 65000 ************

Training agent...


********** Iteration 66000 ************

Training agent...


********** Iteration 67000 ************

Training agent...


********** Iteration 68000 ************

Training agent...


********** Iteration 69000 ************

Training agent...


********** Iteration 70000 ************

Training agent...

Beginning logging procedure...
Timestep 70001
mean reward (100 episodes) -90.744863
best mean reward -90.744863
running time 463.889645
Train_EnvstepsSoFar : 70001
Train_AverageReturn : -90.74486314478106
Train_BestReturn : -90.74486314478106
TimeSinceStart : 463.8896453380585
Training Loss : 0.299189031124115
Done logging...




********** Iteration 71000 ************

Training agent...


********** Iteration 72000 ************

Training agent...


********** Iteration 73000 ************

Training agent...


********** Iteration 74000 ************

Training agent...


********** Iteration 75000 ************

Training agent...


********** Iteration 76000 ************

Training agent...


********** Iteration 77000 ************

Training agent...


********** Iteration 78000 ************

Training agent...


********** Iteration 79000 ************

Training agent...


********** Iteration 80000 ************

Training agent...

Beginning logging procedure...
Timestep 80001
mean reward (100 episodes) -82.342548
best mean reward -82.342548
running time 530.268029
Train_EnvstepsSoFar : 80001
Train_AverageReturn : -82.3425480750756
Train_BestReturn : -82.3425480750756
TimeSinceStart : 530.2680289745331
Training Loss : 0.31591853499412537
Done logging...




********** Iteration 81000 ************

Training agent...


********** Iteration 82000 ************

Training agent...


********** Iteration 83000 ************

Training agent...


********** Iteration 84000 ************

Training agent...


********** Iteration 85000 ************

Training agent...


********** Iteration 86000 ************

Training agent...


********** Iteration 87000 ************

Training agent...


********** Iteration 88000 ************

Training agent...


********** Iteration 89000 ************

Training agent...


********** Iteration 90000 ************

Training agent...

Beginning logging procedure...
Timestep 90001
mean reward (100 episodes) -71.625383
best mean reward -71.625383
running time 597.458226
Train_EnvstepsSoFar : 90001
Train_AverageReturn : -71.62538253727038
Train_BestReturn : -71.62538253727038
TimeSinceStart : 597.4582259654999
Training Loss : 0.30120643973350525
Done logging...




********** Iteration 91000 ************

Training agent...


********** Iteration 92000 ************

Training agent...


********** Iteration 93000 ************

Training agent...


********** Iteration 94000 ************

Training agent...


********** Iteration 95000 ************

Training agent...


********** Iteration 96000 ************

Training agent...


********** Iteration 97000 ************

Training agent...


********** Iteration 98000 ************

Training agent...


********** Iteration 99000 ************

Training agent...


********** Iteration 100000 ************

Training agent...

Beginning logging procedure...
Timestep 100001
mean reward (100 episodes) -67.354070
best mean reward -67.354070
running time 662.750537
Train_EnvstepsSoFar : 100001
Train_AverageReturn : -67.35406994290496
Train_BestReturn : -67.35406994290496
TimeSinceStart : 662.7505373954773
Training Loss : 0.37672409415245056
Done logging...




********** Iteration 101000 ************

Training agent...


********** Iteration 102000 ************

Training agent...


********** Iteration 103000 ************

Training agent...


********** Iteration 104000 ************

Training agent...


********** Iteration 105000 ************

Training agent...


********** Iteration 106000 ************

Training agent...


********** Iteration 107000 ************

Training agent...


********** Iteration 108000 ************

Training agent...


********** Iteration 109000 ************

Training agent...


********** Iteration 110000 ************

Training agent...

Beginning logging procedure...
Timestep 110001
mean reward (100 episodes) -57.272817
best mean reward -57.272817
running time 729.995691
Train_EnvstepsSoFar : 110001
Train_AverageReturn : -57.272816702749196
Train_BestReturn : -57.272816702749196
TimeSinceStart : 729.9956910610199
Training Loss : 0.8464478254318237
Done logging...




********** Iteration 111000 ************

Training agent...


********** Iteration 112000 ************

Training agent...


********** Iteration 113000 ************

Training agent...


********** Iteration 114000 ************

Training agent...


********** Iteration 115000 ************

Training agent...


********** Iteration 116000 ************

Training agent...


********** Iteration 117000 ************

Training agent...


********** Iteration 118000 ************

Training agent...


********** Iteration 119000 ************

Training agent...


********** Iteration 120000 ************

Training agent...

Beginning logging procedure...
Timestep 120001
mean reward (100 episodes) -40.863679
best mean reward -40.863679
running time 797.129547
Train_EnvstepsSoFar : 120001
Train_AverageReturn : -40.863679168416056
Train_BestReturn : -40.863679168416056
TimeSinceStart : 797.1295473575592
Training Loss : 0.3051719665527344
Done logging...




********** Iteration 121000 ************

Training agent...


********** Iteration 122000 ************

Training agent...


********** Iteration 123000 ************

Training agent...


********** Iteration 124000 ************

Training agent...


********** Iteration 125000 ************

Training agent...


********** Iteration 126000 ************

Training agent...


********** Iteration 127000 ************

Training agent...


********** Iteration 128000 ************

Training agent...


********** Iteration 129000 ************

Training agent...


********** Iteration 130000 ************

Training agent...

Beginning logging procedure...
Timestep 130001
mean reward (100 episodes) -22.245590
best mean reward -22.245590
running time 864.819482
Train_EnvstepsSoFar : 130001
Train_AverageReturn : -22.245589864699717
Train_BestReturn : -22.245589864699717
TimeSinceStart : 864.8194816112518
Training Loss : 0.7678361535072327
Done logging...




********** Iteration 131000 ************

Training agent...


********** Iteration 132000 ************

Training agent...


********** Iteration 133000 ************

Training agent...


********** Iteration 134000 ************

Training agent...


********** Iteration 135000 ************

Training agent...


********** Iteration 136000 ************

Training agent...


********** Iteration 137000 ************

Training agent...


********** Iteration 138000 ************

Training agent...


********** Iteration 139000 ************

Training agent...


********** Iteration 140000 ************

Training agent...

Beginning logging procedure...
Timestep 140001
mean reward (100 episodes) -12.813881
best mean reward -12.813881
running time 931.619133
Train_EnvstepsSoFar : 140001
Train_AverageReturn : -12.813881004940535
Train_BestReturn : -12.813881004940535
TimeSinceStart : 931.619133234024
Training Loss : 0.2999804615974426
Done logging...




********** Iteration 141000 ************

Training agent...


********** Iteration 142000 ************

Training agent...


********** Iteration 143000 ************

Training agent...


********** Iteration 144000 ************

Training agent...


********** Iteration 145000 ************

Training agent...


********** Iteration 146000 ************

Training agent...


********** Iteration 147000 ************

Training agent...


********** Iteration 148000 ************

Training agent...


********** Iteration 149000 ************

Training agent...


********** Iteration 150000 ************

Training agent...

Beginning logging procedure...
Timestep 150001
mean reward (100 episodes) 6.231261
best mean reward 6.231261
running time 998.980891
Train_EnvstepsSoFar : 150001
Train_AverageReturn : 6.231261386705678
Train_BestReturn : 6.231261386705678
TimeSinceStart : 998.9808912277222
Training Loss : 0.3113764524459839
Done logging...




********** Iteration 151000 ************

Training agent...


********** Iteration 152000 ************

Training agent...


********** Iteration 153000 ************

Training agent...


********** Iteration 154000 ************

Training agent...


********** Iteration 155000 ************

Training agent...


********** Iteration 156000 ************

Training agent...


********** Iteration 157000 ************

Training agent...


********** Iteration 158000 ************

Training agent...


********** Iteration 159000 ************

Training agent...


********** Iteration 160000 ************

Training agent...

Beginning logging procedure...
Timestep 160001
mean reward (100 episodes) 13.426435
best mean reward 13.426435
running time 1069.456913
Train_EnvstepsSoFar : 160001
Train_AverageReturn : 13.426435311614714
Train_BestReturn : 13.426435311614714
TimeSinceStart : 1069.4569132328033
Training Loss : 0.25537312030792236
Done logging...




********** Iteration 161000 ************

Training agent...


********** Iteration 162000 ************

Training agent...


********** Iteration 163000 ************

Training agent...


********** Iteration 164000 ************

Training agent...


********** Iteration 165000 ************

Training agent...


********** Iteration 166000 ************

Training agent...


********** Iteration 167000 ************

Training agent...


********** Iteration 168000 ************

Training agent...


********** Iteration 169000 ************

Training agent...


********** Iteration 170000 ************

Training agent...

Beginning logging procedure...
Timestep 170001
mean reward (100 episodes) 15.124209
best mean reward 15.124209
running time 1138.874722
Train_EnvstepsSoFar : 170001
Train_AverageReturn : 15.124208657189262
Train_BestReturn : 15.124208657189262
TimeSinceStart : 1138.8747217655182
Training Loss : 0.1773645579814911
Done logging...




********** Iteration 171000 ************

Training agent...


********** Iteration 172000 ************

Training agent...


********** Iteration 173000 ************

Training agent...


********** Iteration 174000 ************

Training agent...


********** Iteration 175000 ************

Training agent...


********** Iteration 176000 ************

Training agent...


********** Iteration 177000 ************

Training agent...


********** Iteration 178000 ************

Training agent...


********** Iteration 179000 ************

Training agent...


********** Iteration 180000 ************

Training agent...

Beginning logging procedure...
Timestep 180001
mean reward (100 episodes) 19.752093
best mean reward 19.752093
running time 1207.941118
Train_EnvstepsSoFar : 180001
Train_AverageReturn : 19.75209265332787
Train_BestReturn : 19.75209265332787
TimeSinceStart : 1207.9411182403564
Training Loss : 0.12423664331436157
Done logging...




********** Iteration 181000 ************

Training agent...


********** Iteration 182000 ************

Training agent...


********** Iteration 183000 ************

Training agent...


********** Iteration 184000 ************

Training agent...


********** Iteration 185000 ************

Training agent...


********** Iteration 186000 ************

Training agent...


********** Iteration 187000 ************

Training agent...


********** Iteration 188000 ************

Training agent...


********** Iteration 189000 ************

Training agent...


********** Iteration 190000 ************

Training agent...

Beginning logging procedure...
Timestep 190001
mean reward (100 episodes) 23.772263
best mean reward 23.772263
running time 1276.300704
Train_EnvstepsSoFar : 190001
Train_AverageReturn : 23.772262964658495
Train_BestReturn : 23.772262964658495
TimeSinceStart : 1276.3007035255432
Training Loss : 0.17590421438217163
Done logging...




********** Iteration 191000 ************

Training agent...


********** Iteration 192000 ************

Training agent...


********** Iteration 193000 ************

Training agent...


********** Iteration 194000 ************

Training agent...


********** Iteration 195000 ************

Training agent...


********** Iteration 196000 ************

Training agent...


********** Iteration 197000 ************

Training agent...


********** Iteration 198000 ************

Training agent...


********** Iteration 199000 ************

Training agent...


********** Iteration 200000 ************

Training agent...

Beginning logging procedure...
Timestep 200001
mean reward (100 episodes) 35.547247
best mean reward 35.547247
running time 1345.445506
Train_EnvstepsSoFar : 200001
Train_AverageReturn : 35.54724730866285
Train_BestReturn : 35.54724730866285
TimeSinceStart : 1345.4455060958862
Training Loss : 0.09651073813438416
Done logging...




********** Iteration 201000 ************

Training agent...


********** Iteration 202000 ************

Training agent...


********** Iteration 203000 ************

Training agent...


********** Iteration 204000 ************

Training agent...


********** Iteration 205000 ************

Training agent...


********** Iteration 206000 ************

Training agent...


********** Iteration 207000 ************

Training agent...


********** Iteration 208000 ************

Training agent...


********** Iteration 209000 ************

Training agent...


********** Iteration 210000 ************

Training agent...

Beginning logging procedure...
Timestep 210001
mean reward (100 episodes) 37.750298
best mean reward 37.750298
running time 1412.212352
Train_EnvstepsSoFar : 210001
Train_AverageReturn : 37.75029758070476
Train_BestReturn : 37.75029758070476
TimeSinceStart : 1412.2123515605927
Training Loss : 0.09081484377384186
Done logging...




********** Iteration 211000 ************

Training agent...


********** Iteration 212000 ************

Training agent...


********** Iteration 213000 ************

Training agent...


********** Iteration 214000 ************

Training agent...


********** Iteration 215000 ************

Training agent...


********** Iteration 216000 ************

Training agent...


********** Iteration 217000 ************

Training agent...


********** Iteration 218000 ************

Training agent...


********** Iteration 219000 ************

Training agent...


********** Iteration 220000 ************

Training agent...

Beginning logging procedure...
Timestep 220001
mean reward (100 episodes) 51.531026
best mean reward 51.531026
running time 1473.473478
Train_EnvstepsSoFar : 220001
Train_AverageReturn : 51.53102556424285
Train_BestReturn : 51.53102556424285
TimeSinceStart : 1473.4734778404236
Training Loss : 0.06545990705490112
Done logging...




********** Iteration 221000 ************

Training agent...


********** Iteration 222000 ************

Training agent...


********** Iteration 223000 ************

Training agent...


********** Iteration 224000 ************

Training agent...


********** Iteration 225000 ************

Training agent...


********** Iteration 226000 ************

Training agent...


********** Iteration 227000 ************

Training agent...


********** Iteration 228000 ************

Training agent...


********** Iteration 229000 ************

Training agent...


********** Iteration 230000 ************

Training agent...

Beginning logging procedure...
Timestep 230001
mean reward (100 episodes) 61.413540
best mean reward 61.413540
running time 1535.091878
Train_EnvstepsSoFar : 230001
Train_AverageReturn : 61.41354009190848
Train_BestReturn : 61.41354009190848
TimeSinceStart : 1535.091878414154
Training Loss : 0.16381360590457916
Done logging...




********** Iteration 231000 ************

Training agent...


********** Iteration 232000 ************

Training agent...


********** Iteration 233000 ************

Training agent...


********** Iteration 234000 ************

Training agent...


********** Iteration 235000 ************

Training agent...


********** Iteration 236000 ************

Training agent...


********** Iteration 237000 ************

Training agent...


********** Iteration 238000 ************

Training agent...


********** Iteration 239000 ************

Training agent...


********** Iteration 240000 ************

Training agent...

Beginning logging procedure...
Timestep 240001
mean reward (100 episodes) 59.447064
best mean reward 61.413540
running time 1597.086466
Train_EnvstepsSoFar : 240001
Train_AverageReturn : 59.44706441156123
Train_BestReturn : 61.41354009190848
TimeSinceStart : 1597.0864663124084
Training Loss : 0.18364685773849487
Done logging...




********** Iteration 241000 ************

Training agent...


********** Iteration 242000 ************

Training agent...


********** Iteration 243000 ************

Training agent...


********** Iteration 244000 ************

Training agent...


********** Iteration 245000 ************

Training agent...


********** Iteration 246000 ************

Training agent...


********** Iteration 247000 ************

Training agent...


********** Iteration 248000 ************

Training agent...


********** Iteration 249000 ************

Training agent...


********** Iteration 250000 ************

Training agent...

Beginning logging procedure...
Timestep 250001
mean reward (100 episodes) 67.397126
best mean reward 67.397126
running time 1658.105153
Train_EnvstepsSoFar : 250001
Train_AverageReturn : 67.3971255709906
Train_BestReturn : 67.3971255709906
TimeSinceStart : 1658.105152606964
Training Loss : 0.1351403295993805
Done logging...




********** Iteration 251000 ************

Training agent...


********** Iteration 252000 ************

Training agent...


********** Iteration 253000 ************

Training agent...


********** Iteration 254000 ************

Training agent...


********** Iteration 255000 ************

Training agent...


********** Iteration 256000 ************

Training agent...


********** Iteration 257000 ************

Training agent...


********** Iteration 258000 ************

Training agent...


********** Iteration 259000 ************

Training agent...


********** Iteration 260000 ************

Training agent...

Beginning logging procedure...
Timestep 260001
mean reward (100 episodes) 94.461436
best mean reward 94.461436
running time 1720.126776
Train_EnvstepsSoFar : 260001
Train_AverageReturn : 94.46143602923885
Train_BestReturn : 94.46143602923885
TimeSinceStart : 1720.1267762184143
Training Loss : 0.11984027177095413
Done logging...




********** Iteration 261000 ************

Training agent...


********** Iteration 262000 ************

Training agent...


********** Iteration 263000 ************

Training agent...


********** Iteration 264000 ************

Training agent...


********** Iteration 265000 ************

Training agent...


********** Iteration 266000 ************

Training agent...


********** Iteration 267000 ************

Training agent...


********** Iteration 268000 ************

Training agent...


********** Iteration 269000 ************

Training agent...


********** Iteration 270000 ************

Training agent...

Beginning logging procedure...
Timestep 270001
mean reward (100 episodes) 122.755591
best mean reward 122.755591
running time 1778.985197
Train_EnvstepsSoFar : 270001
Train_AverageReturn : 122.75559091038791
Train_BestReturn : 122.75559091038791
TimeSinceStart : 1778.9851968288422
Training Loss : 0.0365537628531456
Done logging...




********** Iteration 271000 ************

Training agent...


********** Iteration 272000 ************

Training agent...


********** Iteration 273000 ************

Training agent...


********** Iteration 274000 ************

Training agent...


********** Iteration 275000 ************

Training agent...


********** Iteration 276000 ************

Training agent...


********** Iteration 277000 ************

Training agent...


********** Iteration 278000 ************

Training agent...


********** Iteration 279000 ************

Training agent...


********** Iteration 280000 ************

Training agent...

Beginning logging procedure...
Timestep 280001
mean reward (100 episodes) 160.479576
best mean reward 160.479576
running time 1838.974987
Train_EnvstepsSoFar : 280001
Train_AverageReturn : 160.4795758550788
Train_BestReturn : 160.4795758550788
TimeSinceStart : 1838.9749872684479
Training Loss : 0.07688693702220917
Done logging...




********** Iteration 281000 ************

Training agent...


********** Iteration 282000 ************

Training agent...


********** Iteration 283000 ************

Training agent...


********** Iteration 284000 ************

Training agent...


********** Iteration 285000 ************

Training agent...


********** Iteration 286000 ************

Training agent...


********** Iteration 287000 ************

Training agent...


********** Iteration 288000 ************

Training agent...


********** Iteration 289000 ************

Training agent...


********** Iteration 290000 ************

Training agent...

Beginning logging procedure...
Timestep 290001
mean reward (100 episodes) 202.585601
best mean reward 202.585601
running time 1873.076283
Train_EnvstepsSoFar : 290001
Train_AverageReturn : 202.58560093299297
Train_BestReturn : 202.58560093299297
TimeSinceStart : 1873.0762825012207
Training Loss : 0.07701406627893448
Done logging...




********** Iteration 291000 ************

Training agent...


********** Iteration 292000 ************

Training agent...


********** Iteration 293000 ************

Training agent...


********** Iteration 294000 ************

Training agent...


********** Iteration 295000 ************

Training agent...


********** Iteration 296000 ************

Training agent...


********** Iteration 297000 ************

Training agent...


********** Iteration 298000 ************

Training agent...


********** Iteration 299000 ************

Training agent...


********** Iteration 300000 ************

Training agent...

Beginning logging procedure...
Timestep 300001
mean reward (100 episodes) 223.843120
best mean reward 223.843120
running time 1901.749699
Train_EnvstepsSoFar : 300001
Train_AverageReturn : 223.84311955190063
Train_BestReturn : 223.84311955190063
TimeSinceStart : 1901.749698638916
Training Loss : 0.10908780246973038
Done logging...


