Gym has been unmaintained since 2022 and does not support NumPy 2.0 amongst other critical functionality.
Please upgrade to Gymnasium, the maintained drop-in replacement of Gym, or contact the authors of your software and request that they upgrade.
See the migration guide at https://gymnasium.farama.org/introduction/migration_guide/ for additional information.



LOGGING TO:  /home/namankum/16831_hw/hw3/rob831/scripts/../../data/q1_dqn_3_LunarLander-v3_11-03-2026_19-28-26 



########################
logging outputs to  /home/namankum/16831_hw/hw3/rob831/scripts/../../data/q1_dqn_3_LunarLander-v3_11-03-2026_19-28-26
########################
Using GPU id 0
/home/namankum/16831_hw/hw2/.venv/lib64/python3.9/site-packages/gym/core.py:317: DeprecationWarning: [33mWARN: Initializing wrapper in old step API which returns one bool instead of two. It is recommended to set `new_step_api=True` to use new step API. This will be the default behaviour in future.[0m
  deprecation(
/home/namankum/16831_hw/hw2/.venv/lib64/python3.9/site-packages/gym/wrappers/step_api_compatibility.py:39: DeprecationWarning: [33mWARN: Initializing environment in old step API which returns one bool instead of two. It is recommended to set `new_step_api=True` to use new step API. This will be the default behaviour in future.[0m
  deprecation(
/home/namankum/16831_hw/hw2/.venv/lib64/python3.9/site-packages/gym/core.py:256: DeprecationWarning: [33mWARN: Function `env.seed(seed)` is marked as deprecated and will be removed in the future. Please use `env.reset(seed=seed)` instead.[0m
  deprecation(
/home/namankum/16831_hw/hw2/.venv/lib64/python3.9/site-packages/matplotlib/_fontconfig_pattern.py:64: PyparsingDeprecationWarning: 'oneOf' deprecated - use 'one_of'
  prop = Group((name + Suppress("=") + comma_separated(value)) | oneOf(_CONSTANTS))
/home/namankum/16831_hw/hw2/.venv/lib64/python3.9/site-packages/matplotlib/_fontconfig_pattern.py:85: PyparsingDeprecationWarning: 'parseString' deprecated - use 'parse_string'
  parse = parser.parseString(pattern)
/home/namankum/16831_hw/hw2/.venv/lib64/python3.9/site-packages/matplotlib/_fontconfig_pattern.py:89: PyparsingDeprecationWarning: 'resetCache' deprecated - use 'reset_cache'
  parser.resetCache()


********** Iteration 0 ************
/home/namankum/16831_hw/hw2/.venv/lib64/python3.9/site-packages/gym/utils/passive_env_checker.py:241: DeprecationWarning: `np.bool8` is a deprecated alias for `np.bool_`.  (Deprecated NumPy 1.24)
  if not isinstance(terminated, (bool, np.bool8)):

Training agent...

Beginning logging procedure...
Timestep 1
mean reward (100 episodes) nan
best mean reward -inf
running time 0.000879
Train_EnvstepsSoFar : 1
TimeSinceStart : 0.0008785724639892578
Done logging...




********** Iteration 1000 ************

Training agent...


********** Iteration 2000 ************

Training agent...


********** Iteration 3000 ************

Training agent...


********** Iteration 4000 ************

Training agent...


********** Iteration 5000 ************

Training agent...


********** Iteration 6000 ************

Training agent...


********** Iteration 7000 ************

Training agent...


********** Iteration 8000 ************

Training agent...


********** Iteration 9000 ************

Training agent...


********** Iteration 10000 ************

Training agent...

Beginning logging procedure...
Timestep 10001
mean reward (100 episodes) -124.863784
best mean reward -inf
running time 52.348212
Train_EnvstepsSoFar : 10001
Train_AverageReturn : -124.86378449334624
TimeSinceStart : 52.348212480545044
Training Loss : 0.3916372060775757
Done logging...




********** Iteration 11000 ************

Training agent...


********** Iteration 12000 ************

Training agent...


********** Iteration 13000 ************

Training agent...


********** Iteration 14000 ************

Training agent...


********** Iteration 15000 ************

Training agent...


********** Iteration 16000 ************

Training agent...


********** Iteration 17000 ************

Training agent...


********** Iteration 18000 ************

Training agent...


********** Iteration 19000 ************

Training agent...


********** Iteration 20000 ************

Training agent...

Beginning logging procedure...
Timestep 20001
mean reward (100 episodes) -96.946888
best mean reward -96.946888
running time 115.198135
Train_EnvstepsSoFar : 20001
Train_AverageReturn : -96.94688803786148
Train_BestReturn : -96.94688803786148
TimeSinceStart : 115.1981348991394
Training Loss : 0.4744076728820801
Done logging...




********** Iteration 21000 ************

Training agent...


********** Iteration 22000 ************

Training agent...


********** Iteration 23000 ************

Training agent...


********** Iteration 24000 ************

Training agent...


********** Iteration 25000 ************

Training agent...


********** Iteration 26000 ************

Training agent...


********** Iteration 27000 ************

Training agent...


********** Iteration 28000 ************

Training agent...


********** Iteration 29000 ************

Training agent...


********** Iteration 30000 ************

Training agent...

Beginning logging procedure...
Timestep 30001
mean reward (100 episodes) -91.907981
best mean reward -91.907981
running time 186.692898
Train_EnvstepsSoFar : 30001
Train_AverageReturn : -91.90798114082202
Train_BestReturn : -91.90798114082202
TimeSinceStart : 186.69289755821228
Training Loss : 1.4586015939712524
Done logging...




********** Iteration 31000 ************

Training agent...


********** Iteration 32000 ************

Training agent...


********** Iteration 33000 ************

Training agent...


********** Iteration 34000 ************

Training agent...


********** Iteration 35000 ************

Training agent...


********** Iteration 36000 ************

Training agent...


********** Iteration 37000 ************

Training agent...


********** Iteration 38000 ************

Training agent...


********** Iteration 39000 ************

Training agent...


********** Iteration 40000 ************

Training agent...

Beginning logging procedure...
Timestep 40001
mean reward (100 episodes) -89.130216
best mean reward -89.130216
running time 260.316657
Train_EnvstepsSoFar : 40001
Train_AverageReturn : -89.13021575637647
Train_BestReturn : -89.13021575637647
TimeSinceStart : 260.31665658950806
Training Loss : 1.0455424785614014
Done logging...




********** Iteration 41000 ************

Training agent...


********** Iteration 42000 ************

Training agent...


********** Iteration 43000 ************

Training agent...


********** Iteration 44000 ************

Training agent...


********** Iteration 45000 ************

Training agent...


********** Iteration 46000 ************

Training agent...


********** Iteration 47000 ************

Training agent...


********** Iteration 48000 ************

Training agent...


********** Iteration 49000 ************

Training agent...


********** Iteration 50000 ************

Training agent...

Beginning logging procedure...
Timestep 50001
mean reward (100 episodes) -83.369700
best mean reward -83.369700
running time 334.427718
Train_EnvstepsSoFar : 50001
Train_AverageReturn : -83.36970003935377
Train_BestReturn : -83.36970003935377
TimeSinceStart : 334.42771792411804
Training Loss : 0.20608454942703247
Done logging...




********** Iteration 51000 ************

Training agent...


********** Iteration 52000 ************

Training agent...


********** Iteration 53000 ************

Training agent...


********** Iteration 54000 ************

Training agent...


********** Iteration 55000 ************

Training agent...


********** Iteration 56000 ************

Training agent...


********** Iteration 57000 ************

Training agent...


********** Iteration 58000 ************

Training agent...


********** Iteration 59000 ************

Training agent...


********** Iteration 60000 ************

Training agent...

Beginning logging procedure...
Timestep 60001
mean reward (100 episodes) -78.124278
best mean reward -78.124278
running time 401.486425
Train_EnvstepsSoFar : 60001
Train_AverageReturn : -78.12427764115562
Train_BestReturn : -78.12427764115562
TimeSinceStart : 401.4864251613617
Training Loss : 0.4096931517124176
Done logging...




********** Iteration 61000 ************

Training agent...


********** Iteration 62000 ************

Training agent...


********** Iteration 63000 ************

Training agent...


********** Iteration 64000 ************

Training agent...


********** Iteration 65000 ************

Training agent...


********** Iteration 66000 ************

Training agent...


********** Iteration 67000 ************

Training agent...


********** Iteration 68000 ************

Training agent...


********** Iteration 69000 ************

Training agent...


********** Iteration 70000 ************

Training agent...

Beginning logging procedure...
Timestep 70001
mean reward (100 episodes) -73.241964
best mean reward -73.241964
running time 466.661382
Train_EnvstepsSoFar : 70001
Train_AverageReturn : -73.24196404713662
Train_BestReturn : -73.24196404713662
TimeSinceStart : 466.6613817214966
Training Loss : 0.2779253125190735
Done logging...




********** Iteration 71000 ************

Training agent...


********** Iteration 72000 ************

Training agent...


********** Iteration 73000 ************

Training agent...


********** Iteration 74000 ************

Training agent...


********** Iteration 75000 ************

Training agent...


********** Iteration 76000 ************

Training agent...


********** Iteration 77000 ************

Training agent...


********** Iteration 78000 ************

Training agent...


********** Iteration 79000 ************

Training agent...


********** Iteration 80000 ************

Training agent...

Beginning logging procedure...
Timestep 80001
mean reward (100 episodes) -72.984623
best mean reward -72.984623
running time 534.104206
Train_EnvstepsSoFar : 80001
Train_AverageReturn : -72.98462255145145
Train_BestReturn : -72.98462255145145
TimeSinceStart : 534.1042058467865
Training Loss : 0.28915101289749146
Done logging...




********** Iteration 81000 ************

Training agent...


********** Iteration 82000 ************

Training agent...


********** Iteration 83000 ************

Training agent...


********** Iteration 84000 ************

Training agent...


********** Iteration 85000 ************

Training agent...


********** Iteration 86000 ************

Training agent...


********** Iteration 87000 ************

Training agent...


********** Iteration 88000 ************

Training agent...


********** Iteration 89000 ************

Training agent...


********** Iteration 90000 ************

Training agent...

Beginning logging procedure...
Timestep 90001
mean reward (100 episodes) -67.755109
best mean reward -67.755109
running time 602.719197
Train_EnvstepsSoFar : 90001
Train_AverageReturn : -67.7551093725605
Train_BestReturn : -67.7551093725605
TimeSinceStart : 602.7191970348358
Training Loss : 0.13487404584884644
Done logging...




********** Iteration 91000 ************

Training agent...


********** Iteration 92000 ************

Training agent...


********** Iteration 93000 ************

Training agent...


********** Iteration 94000 ************

Training agent...


********** Iteration 95000 ************

Training agent...


********** Iteration 96000 ************

Training agent...


********** Iteration 97000 ************

Training agent...


********** Iteration 98000 ************

Training agent...


********** Iteration 99000 ************

Training agent...


********** Iteration 100000 ************

Training agent...

Beginning logging procedure...
Timestep 100001
mean reward (100 episodes) -69.565849
best mean reward -67.755109
running time 669.221179
Train_EnvstepsSoFar : 100001
Train_AverageReturn : -69.56584921827245
Train_BestReturn : -67.7551093725605
TimeSinceStart : 669.2211787700653
Training Loss : 0.14083777368068695
Done logging...




********** Iteration 101000 ************

Training agent...


********** Iteration 102000 ************

Training agent...


********** Iteration 103000 ************

Training agent...


********** Iteration 104000 ************

Training agent...


********** Iteration 105000 ************

Training agent...


********** Iteration 106000 ************

Training agent...


********** Iteration 107000 ************

Training agent...


********** Iteration 108000 ************

Training agent...


********** Iteration 109000 ************

Training agent...


********** Iteration 110000 ************

Training agent...

Beginning logging procedure...
Timestep 110001
mean reward (100 episodes) -51.192151
best mean reward -51.192151
running time 734.061584
Train_EnvstepsSoFar : 110001
Train_AverageReturn : -51.19215135213083
Train_BestReturn : -51.19215135213083
TimeSinceStart : 734.0615839958191
Training Loss : 0.09427367150783539
Done logging...




********** Iteration 111000 ************

Training agent...


********** Iteration 112000 ************

Training agent...


********** Iteration 113000 ************

Training agent...


********** Iteration 114000 ************

Training agent...


********** Iteration 115000 ************

Training agent...


********** Iteration 116000 ************

Training agent...


********** Iteration 117000 ************

Training agent...


********** Iteration 118000 ************

Training agent...


********** Iteration 119000 ************

Training agent...


********** Iteration 120000 ************

Training agent...

Beginning logging procedure...
Timestep 120001
mean reward (100 episodes) -27.015195
best mean reward -27.015195
running time 799.556687
Train_EnvstepsSoFar : 120001
Train_AverageReturn : -27.01519542918659
Train_BestReturn : -27.01519542918659
TimeSinceStart : 799.5566868782043
Training Loss : 0.18401026725769043
Done logging...




********** Iteration 121000 ************

Training agent...


********** Iteration 122000 ************

Training agent...


********** Iteration 123000 ************

Training agent...


********** Iteration 124000 ************

Training agent...


********** Iteration 125000 ************

Training agent...


********** Iteration 126000 ************

Training agent...


********** Iteration 127000 ************

Training agent...


********** Iteration 128000 ************

Training agent...


********** Iteration 129000 ************

Training agent...


********** Iteration 130000 ************

Training agent...

Beginning logging procedure...
Timestep 130001
mean reward (100 episodes) 35.906779
best mean reward 35.906779
running time 860.096546
Train_EnvstepsSoFar : 130001
Train_AverageReturn : 35.906778832485756
Train_BestReturn : 35.906778832485756
TimeSinceStart : 860.0965459346771
Training Loss : 0.23612701892852783
Done logging...




********** Iteration 131000 ************

Training agent...


********** Iteration 132000 ************

Training agent...


********** Iteration 133000 ************

Training agent...


********** Iteration 134000 ************

Training agent...


********** Iteration 135000 ************

Training agent...


********** Iteration 136000 ************

Training agent...


********** Iteration 137000 ************

Training agent...


********** Iteration 138000 ************

Training agent...


********** Iteration 139000 ************

Training agent...


********** Iteration 140000 ************

Training agent...

Beginning logging procedure...
Timestep 140001
mean reward (100 episodes) 113.227885
best mean reward 113.227885
running time 921.381212
Train_EnvstepsSoFar : 140001
Train_AverageReturn : 113.22788485078978
Train_BestReturn : 113.22788485078978
TimeSinceStart : 921.3812122344971
Training Loss : 0.19479860365390778
Done logging...




********** Iteration 141000 ************

Training agent...


********** Iteration 142000 ************

Training agent...


********** Iteration 143000 ************

Training agent...


********** Iteration 144000 ************

Training agent...


********** Iteration 145000 ************

Training agent...


********** Iteration 146000 ************

Training agent...


********** Iteration 147000 ************

Training agent...


********** Iteration 148000 ************

Training agent...


********** Iteration 149000 ************

Training agent...


********** Iteration 150000 ************

Training agent...

Beginning logging procedure...
Timestep 150001
mean reward (100 episodes) 156.347367
best mean reward 156.347367
running time 982.407540
Train_EnvstepsSoFar : 150001
Train_AverageReturn : 156.3473666383577
Train_BestReturn : 156.3473666383577
TimeSinceStart : 982.4075400829315
Training Loss : 2.1982805728912354
Done logging...




********** Iteration 151000 ************

Training agent...


********** Iteration 152000 ************

Training agent...


********** Iteration 153000 ************

Training agent...


********** Iteration 154000 ************

Training agent...


********** Iteration 155000 ************

Training agent...


********** Iteration 156000 ************

Training agent...


********** Iteration 157000 ************

Training agent...


********** Iteration 158000 ************

Training agent...


********** Iteration 159000 ************

Training agent...


********** Iteration 160000 ************

Training agent...

Beginning logging procedure...
Timestep 160001
mean reward (100 episodes) 191.802870
best mean reward 191.802870
running time 1041.893853
Train_EnvstepsSoFar : 160001
Train_AverageReturn : 191.80287026239807
Train_BestReturn : 191.80287026239807
TimeSinceStart : 1041.893853187561
Training Loss : 0.4037390351295471
Done logging...




********** Iteration 161000 ************

Training agent...


********** Iteration 162000 ************

Training agent...


********** Iteration 163000 ************

Training agent...


********** Iteration 164000 ************

Training agent...


********** Iteration 165000 ************

Training agent...


********** Iteration 166000 ************

Training agent...


********** Iteration 167000 ************

Training agent...


********** Iteration 168000 ************

Training agent...


********** Iteration 169000 ************

Training agent...


********** Iteration 170000 ************

Training agent...

Beginning logging procedure...
Timestep 170001
mean reward (100 episodes) 213.733922
best mean reward 213.733922
running time 1100.790277
Train_EnvstepsSoFar : 170001
Train_AverageReturn : 213.73392168471904
Train_BestReturn : 213.73392168471904
TimeSinceStart : 1100.790277481079
Training Loss : 1.263460636138916
Done logging...




********** Iteration 171000 ************

Training agent...


********** Iteration 172000 ************

Training agent...


********** Iteration 173000 ************

Training agent...


********** Iteration 174000 ************

Training agent...


********** Iteration 175000 ************

Training agent...


********** Iteration 176000 ************

Training agent...


********** Iteration 177000 ************

Training agent...


********** Iteration 178000 ************

Training agent...


********** Iteration 179000 ************

Training agent...


********** Iteration 180000 ************

Training agent...

Beginning logging procedure...
Timestep 180001
mean reward (100 episodes) 234.355930
best mean reward 234.355930
running time 1160.756148
Train_EnvstepsSoFar : 180001
Train_AverageReturn : 234.35592999208285
Train_BestReturn : 234.35592999208285
TimeSinceStart : 1160.7561480998993
Training Loss : 3.123044013977051
Done logging...




********** Iteration 181000 ************

Training agent...


********** Iteration 182000 ************

Training agent...


********** Iteration 183000 ************

Training agent...


********** Iteration 184000 ************

Training agent...


********** Iteration 185000 ************

Training agent...


********** Iteration 186000 ************

Training agent...


********** Iteration 187000 ************

Training agent...


********** Iteration 188000 ************

Training agent...


********** Iteration 189000 ************

Training agent...


********** Iteration 190000 ************

Training agent...

Beginning logging procedure...
Timestep 190001
mean reward (100 episodes) 230.791392
best mean reward 234.355930
running time 1225.028937
Train_EnvstepsSoFar : 190001
Train_AverageReturn : 230.79139212221307
Train_BestReturn : 234.35592999208285
TimeSinceStart : 1225.028936624527
Training Loss : 0.1800888180732727
Done logging...




********** Iteration 191000 ************

Training agent...


********** Iteration 192000 ************

Training agent...


********** Iteration 193000 ************

Training agent...


********** Iteration 194000 ************

Training agent...


********** Iteration 195000 ************

Training agent...


********** Iteration 196000 ************

Training agent...


********** Iteration 197000 ************

Training agent...


********** Iteration 198000 ************

Training agent...


********** Iteration 199000 ************

Training agent...


********** Iteration 200000 ************

Training agent...

Beginning logging procedure...
Timestep 200001
mean reward (100 episodes) 239.272799
best mean reward 239.272799
running time 1287.547638
Train_EnvstepsSoFar : 200001
Train_AverageReturn : 239.27279857053716
Train_BestReturn : 239.27279857053716
TimeSinceStart : 1287.5476381778717
Training Loss : 1.3512507677078247
Done logging...




********** Iteration 201000 ************

Training agent...


********** Iteration 202000 ************

Training agent...


********** Iteration 203000 ************

Training agent...


********** Iteration 204000 ************

Training agent...


********** Iteration 205000 ************

Training agent...


********** Iteration 206000 ************

Training agent...


********** Iteration 207000 ************

Training agent...


********** Iteration 208000 ************

Training agent...


********** Iteration 209000 ************

Training agent...


********** Iteration 210000 ************

Training agent...

Beginning logging procedure...
Timestep 210001
mean reward (100 episodes) 236.423707
best mean reward 239.272799
running time 1351.715547
Train_EnvstepsSoFar : 210001
Train_AverageReturn : 236.42370655241936
Train_BestReturn : 239.27279857053716
TimeSinceStart : 1351.7155470848083
Training Loss : 0.1277626007795334
Done logging...




********** Iteration 211000 ************

Training agent...


********** Iteration 212000 ************

Training agent...


********** Iteration 213000 ************

Training agent...


********** Iteration 214000 ************

Training agent...


********** Iteration 215000 ************

Training agent...


********** Iteration 216000 ************

Training agent...


********** Iteration 217000 ************

Training agent...


********** Iteration 218000 ************

Training agent...


********** Iteration 219000 ************

Training agent...


********** Iteration 220000 ************

Training agent...

Beginning logging procedure...
Timestep 220001
mean reward (100 episodes) 228.306077
best mean reward 239.272799
running time 1416.664109
Train_EnvstepsSoFar : 220001
Train_AverageReturn : 228.30607710259895
Train_BestReturn : 239.27279857053716
TimeSinceStart : 1416.6641092300415
Training Loss : 0.13271880149841309
Done logging...




********** Iteration 221000 ************

Training agent...


********** Iteration 222000 ************

Training agent...


********** Iteration 223000 ************

Training agent...


********** Iteration 224000 ************

Training agent...


********** Iteration 225000 ************

Training agent...


********** Iteration 226000 ************

Training agent...


********** Iteration 227000 ************

Training agent...


********** Iteration 228000 ************

Training agent...


********** Iteration 229000 ************

Training agent...


********** Iteration 230000 ************

Training agent...

Beginning logging procedure...
Timestep 230001
mean reward (100 episodes) 230.811701
best mean reward 239.272799
running time 1471.401780
Train_EnvstepsSoFar : 230001
Train_AverageReturn : 230.81170075817678
Train_BestReturn : 239.27279857053716
TimeSinceStart : 1471.4017798900604
Training Loss : 0.10906616598367691
Done logging...




********** Iteration 231000 ************

Training agent...


********** Iteration 232000 ************

Training agent...


********** Iteration 233000 ************

Training agent...


********** Iteration 234000 ************

Training agent...


********** Iteration 235000 ************

Training agent...


********** Iteration 236000 ************

Training agent...


********** Iteration 237000 ************

Training agent...


********** Iteration 238000 ************

Training agent...


********** Iteration 239000 ************

Training agent...


********** Iteration 240000 ************

Training agent...

Beginning logging procedure...
Timestep 240001
mean reward (100 episodes) 237.968549
best mean reward 239.272799
running time 1525.428835
Train_EnvstepsSoFar : 240001
Train_AverageReturn : 237.9685487271674
Train_BestReturn : 239.27279857053716
TimeSinceStart : 1525.4288349151611
Training Loss : 0.8675646185874939
Done logging...




********** Iteration 241000 ************

Training agent...


********** Iteration 242000 ************

Training agent...


********** Iteration 243000 ************

Training agent...


********** Iteration 244000 ************

Training agent...


********** Iteration 245000 ************

Training agent...


********** Iteration 246000 ************

Training agent...


********** Iteration 247000 ************

Training agent...


********** Iteration 248000 ************

Training agent...


********** Iteration 249000 ************

Training agent...


********** Iteration 250000 ************

Training agent...

Beginning logging procedure...
Timestep 250001
mean reward (100 episodes) 240.762918
best mean reward 240.762918
running time 1578.448019
Train_EnvstepsSoFar : 250001
Train_AverageReturn : 240.7629175382026
Train_BestReturn : 240.7629175382026
TimeSinceStart : 1578.4480187892914
Training Loss : 0.08015225827693939
Done logging...




********** Iteration 251000 ************

Training agent...


********** Iteration 252000 ************

Training agent...


********** Iteration 253000 ************

Training agent...


********** Iteration 254000 ************

Training agent...


********** Iteration 255000 ************

Training agent...


********** Iteration 256000 ************

Training agent...


********** Iteration 257000 ************

Training agent...


********** Iteration 258000 ************

Training agent...


********** Iteration 259000 ************

Training agent...


********** Iteration 260000 ************

Training agent...

Beginning logging procedure...
Timestep 260001
mean reward (100 episodes) 216.076169
best mean reward 240.762918
running time 1631.081081
Train_EnvstepsSoFar : 260001
Train_AverageReturn : 216.07616927197404
Train_BestReturn : 240.7629175382026
TimeSinceStart : 1631.0810811519623
Training Loss : 0.03352929651737213
Done logging...




********** Iteration 261000 ************

Training agent...


********** Iteration 262000 ************

Training agent...


********** Iteration 263000 ************

Training agent...


********** Iteration 264000 ************

Training agent...


********** Iteration 265000 ************

Training agent...


********** Iteration 266000 ************

Training agent...


********** Iteration 267000 ************

Training agent...


********** Iteration 268000 ************

Training agent...


********** Iteration 269000 ************

Training agent...


********** Iteration 270000 ************

Training agent...

Beginning logging procedure...
Timestep 270001
mean reward (100 episodes) 175.866498
best mean reward 240.762918
running time 1684.969106
Train_EnvstepsSoFar : 270001
Train_AverageReturn : 175.86649791521384
Train_BestReturn : 240.7629175382026
TimeSinceStart : 1684.9691064357758
Training Loss : 0.3544849157333374
Done logging...




********** Iteration 271000 ************

Training agent...


********** Iteration 272000 ************

Training agent...


********** Iteration 273000 ************

Training agent...


********** Iteration 274000 ************

Training agent...


********** Iteration 275000 ************

Training agent...


********** Iteration 276000 ************

Training agent...


********** Iteration 277000 ************

Training agent...


********** Iteration 278000 ************

Training agent...


********** Iteration 279000 ************

Training agent...


********** Iteration 280000 ************

Training agent...

Beginning logging procedure...
Timestep 280001
mean reward (100 episodes) 166.617500
best mean reward 240.762918
running time 1738.814561
Train_EnvstepsSoFar : 280001
Train_AverageReturn : 166.61749952417895
Train_BestReturn : 240.7629175382026
TimeSinceStart : 1738.8145608901978
Training Loss : 3.0763158798217773
Done logging...




********** Iteration 281000 ************

Training agent...


********** Iteration 282000 ************

Training agent...


********** Iteration 283000 ************

Training agent...


********** Iteration 284000 ************

Training agent...


********** Iteration 285000 ************

Training agent...


********** Iteration 286000 ************

Training agent...


********** Iteration 287000 ************

Training agent...


********** Iteration 288000 ************

Training agent...


********** Iteration 289000 ************

Training agent...


********** Iteration 290000 ************

Training agent...

Beginning logging procedure...
Timestep 290001
mean reward (100 episodes) 157.667090
best mean reward 240.762918
running time 1792.651195
Train_EnvstepsSoFar : 290001
Train_AverageReturn : 157.6670895408675
Train_BestReturn : 240.7629175382026
TimeSinceStart : 1792.6511945724487
Training Loss : 0.12226076424121857
Done logging...




********** Iteration 291000 ************

Training agent...


********** Iteration 292000 ************

Training agent...


********** Iteration 293000 ************

Training agent...


********** Iteration 294000 ************

Training agent...


********** Iteration 295000 ************

Training agent...


********** Iteration 296000 ************

Training agent...


********** Iteration 297000 ************

Training agent...


********** Iteration 298000 ************

Training agent...


********** Iteration 299000 ************

Training agent...


********** Iteration 300000 ************

Training agent...

Beginning logging procedure...
Timestep 300001
mean reward (100 episodes) 118.259008
best mean reward 240.762918
running time 1845.536725
Train_EnvstepsSoFar : 300001
Train_AverageReturn : 118.2590081517402
Train_BestReturn : 240.7629175382026
TimeSinceStart : 1845.5367245674133
Training Loss : 3.001582384109497
Done logging...


