Gym has been unmaintained since 2022 and does not support NumPy 2.0 amongst other critical functionality.
Please upgrade to Gymnasium, the maintained drop-in replacement of Gym, or contact the authors of your software and request that they upgrade.
See the migration guide at https://gymnasium.farama.org/introduction/migration_guide/ for additional information.



LOGGING TO:  /home/namankum/16831_hw/hw3/rob831/scripts/../../data/q1_dqn_2_LunarLander-v3_11-03-2026_19-28-26 



########################
logging outputs to  /home/namankum/16831_hw/hw3/rob831/scripts/../../data/q1_dqn_2_LunarLander-v3_11-03-2026_19-28-26
########################
Using GPU id 0
/home/namankum/16831_hw/hw2/.venv/lib64/python3.9/site-packages/gym/core.py:317: DeprecationWarning: [33mWARN: Initializing wrapper in old step API which returns one bool instead of two. It is recommended to set `new_step_api=True` to use new step API. This will be the default behaviour in future.[0m
  deprecation(
/home/namankum/16831_hw/hw2/.venv/lib64/python3.9/site-packages/gym/wrappers/step_api_compatibility.py:39: DeprecationWarning: [33mWARN: Initializing environment in old step API which returns one bool instead of two. It is recommended to set `new_step_api=True` to use new step API. This will be the default behaviour in future.[0m
  deprecation(
/home/namankum/16831_hw/hw2/.venv/lib64/python3.9/site-packages/gym/core.py:256: DeprecationWarning: [33mWARN: Function `env.seed(seed)` is marked as deprecated and will be removed in the future. Please use `env.reset(seed=seed)` instead.[0m
  deprecation(
/home/namankum/16831_hw/hw2/.venv/lib64/python3.9/site-packages/matplotlib/_fontconfig_pattern.py:64: PyparsingDeprecationWarning: 'oneOf' deprecated - use 'one_of'
  prop = Group((name + Suppress("=") + comma_separated(value)) | oneOf(_CONSTANTS))
/home/namankum/16831_hw/hw2/.venv/lib64/python3.9/site-packages/matplotlib/_fontconfig_pattern.py:85: PyparsingDeprecationWarning: 'parseString' deprecated - use 'parse_string'
  parse = parser.parseString(pattern)
/home/namankum/16831_hw/hw2/.venv/lib64/python3.9/site-packages/matplotlib/_fontconfig_pattern.py:89: PyparsingDeprecationWarning: 'resetCache' deprecated - use 'reset_cache'
  parser.resetCache()


********** Iteration 0 ************
/home/namankum/16831_hw/hw2/.venv/lib64/python3.9/site-packages/gym/utils/passive_env_checker.py:241: DeprecationWarning: `np.bool8` is a deprecated alias for `np.bool_`.  (Deprecated NumPy 1.24)
  if not isinstance(terminated, (bool, np.bool8)):

Training agent...

Beginning logging procedure...
Timestep 1
mean reward (100 episodes) nan
best mean reward -inf
running time 0.000781
Train_EnvstepsSoFar : 1
TimeSinceStart : 0.0007805824279785156
Done logging...




********** Iteration 1000 ************

Training agent...


********** Iteration 2000 ************

Training agent...


********** Iteration 3000 ************

Training agent...


********** Iteration 4000 ************

Training agent...


********** Iteration 5000 ************

Training agent...


********** Iteration 6000 ************

Training agent...


********** Iteration 7000 ************

Training agent...


********** Iteration 8000 ************

Training agent...


********** Iteration 9000 ************

Training agent...


********** Iteration 10000 ************

Training agent...

Beginning logging procedure...
Timestep 10001
mean reward (100 episodes) -145.562936
best mean reward -inf
running time 51.441330
Train_EnvstepsSoFar : 10001
Train_AverageReturn : -145.56293561715577
TimeSinceStart : 51.44132971763611
Training Loss : 0.1755220890045166
Done logging...




********** Iteration 11000 ************

Training agent...


********** Iteration 12000 ************

Training agent...


********** Iteration 13000 ************

Training agent...


********** Iteration 14000 ************

Training agent...


********** Iteration 15000 ************

Training agent...


********** Iteration 16000 ************

Training agent...


********** Iteration 17000 ************

Training agent...


********** Iteration 18000 ************

Training agent...


********** Iteration 19000 ************

Training agent...


********** Iteration 20000 ************

Training agent...

Beginning logging procedure...
Timestep 20001
mean reward (100 episodes) -95.693912
best mean reward -95.693912
running time 112.391466
Train_EnvstepsSoFar : 20001
Train_AverageReturn : -95.69391155359361
Train_BestReturn : -95.69391155359361
TimeSinceStart : 112.39146566390991
Training Loss : 1.6677618026733398
Done logging...




********** Iteration 21000 ************

Training agent...


********** Iteration 22000 ************

Training agent...


********** Iteration 23000 ************

Training agent...


********** Iteration 24000 ************

Training agent...


********** Iteration 25000 ************

Training agent...


********** Iteration 26000 ************

Training agent...


********** Iteration 27000 ************

Training agent...


********** Iteration 28000 ************

Training agent...


********** Iteration 29000 ************

Training agent...


********** Iteration 30000 ************

Training agent...

Beginning logging procedure...
Timestep 30001
mean reward (100 episodes) -90.503244
best mean reward -90.503244
running time 182.975386
Train_EnvstepsSoFar : 30001
Train_AverageReturn : -90.50324367727659
Train_BestReturn : -90.50324367727659
TimeSinceStart : 182.97538590431213
Training Loss : 4.82415771484375
Done logging...




********** Iteration 31000 ************

Training agent...


********** Iteration 32000 ************

Training agent...


********** Iteration 33000 ************

Training agent...


********** Iteration 34000 ************

Training agent...


********** Iteration 35000 ************

Training agent...


********** Iteration 36000 ************

Training agent...


********** Iteration 37000 ************

Training agent...


********** Iteration 38000 ************

Training agent...


********** Iteration 39000 ************

Training agent...


********** Iteration 40000 ************

Training agent...

Beginning logging procedure...
Timestep 40001
mean reward (100 episodes) -94.542502
best mean reward -90.503244
running time 253.872847
Train_EnvstepsSoFar : 40001
Train_AverageReturn : -94.54250248901171
Train_BestReturn : -90.50324367727659
TimeSinceStart : 253.87284684181213
Training Loss : 0.3009849786758423
Done logging...




********** Iteration 41000 ************

Training agent...


********** Iteration 42000 ************

Training agent...


********** Iteration 43000 ************

Training agent...


********** Iteration 44000 ************

Training agent...


********** Iteration 45000 ************

Training agent...


********** Iteration 46000 ************

Training agent...


********** Iteration 47000 ************

Training agent...


********** Iteration 48000 ************

Training agent...


********** Iteration 49000 ************

Training agent...


********** Iteration 50000 ************

Training agent...

Beginning logging procedure...
Timestep 50001
mean reward (100 episodes) -90.926418
best mean reward -90.503244
running time 324.978144
Train_EnvstepsSoFar : 50001
Train_AverageReturn : -90.92641819725841
Train_BestReturn : -90.50324367727659
TimeSinceStart : 324.9781436920166
Training Loss : 0.29317212104797363
Done logging...




********** Iteration 51000 ************

Training agent...


********** Iteration 52000 ************

Training agent...


********** Iteration 53000 ************

Training agent...


********** Iteration 54000 ************

Training agent...


********** Iteration 55000 ************

Training agent...


********** Iteration 56000 ************

Training agent...


********** Iteration 57000 ************

Training agent...


********** Iteration 58000 ************

Training agent...


********** Iteration 59000 ************

Training agent...


********** Iteration 60000 ************

Training agent...

Beginning logging procedure...
Timestep 60001
mean reward (100 episodes) -92.910832
best mean reward -90.503244
running time 389.746048
Train_EnvstepsSoFar : 60001
Train_AverageReturn : -92.91083227285624
Train_BestReturn : -90.50324367727659
TimeSinceStart : 389.7460479736328
Training Loss : 0.42245903611183167
Done logging...




********** Iteration 61000 ************

Training agent...


********** Iteration 62000 ************

Training agent...


********** Iteration 63000 ************

Training agent...


********** Iteration 64000 ************

Training agent...


********** Iteration 65000 ************

Training agent...


********** Iteration 66000 ************

Training agent...


********** Iteration 67000 ************

Training agent...


********** Iteration 68000 ************

Training agent...


********** Iteration 69000 ************

Training agent...


********** Iteration 70000 ************

Training agent...

Beginning logging procedure...
Timestep 70001
mean reward (100 episodes) -94.180728
best mean reward -90.503244
running time 454.947330
Train_EnvstepsSoFar : 70001
Train_AverageReturn : -94.18072828022096
Train_BestReturn : -90.50324367727659
TimeSinceStart : 454.94732999801636
Training Loss : 0.20640943944454193
Done logging...




********** Iteration 71000 ************

Training agent...


********** Iteration 72000 ************

Training agent...


********** Iteration 73000 ************

Training agent...


********** Iteration 74000 ************

Training agent...


********** Iteration 75000 ************

Training agent...


********** Iteration 76000 ************

Training agent...


********** Iteration 77000 ************

Training agent...


********** Iteration 78000 ************

Training agent...


********** Iteration 79000 ************

Training agent...


********** Iteration 80000 ************

Training agent...

Beginning logging procedure...
Timestep 80001
mean reward (100 episodes) -87.636398
best mean reward -87.636398
running time 522.609816
Train_EnvstepsSoFar : 80001
Train_AverageReturn : -87.6363982058025
Train_BestReturn : -87.6363982058025
TimeSinceStart : 522.6098163127899
Training Loss : 0.3219609260559082
Done logging...




********** Iteration 81000 ************

Training agent...


********** Iteration 82000 ************

Training agent...


********** Iteration 83000 ************

Training agent...


********** Iteration 84000 ************

Training agent...


********** Iteration 85000 ************

Training agent...


********** Iteration 86000 ************

Training agent...


********** Iteration 87000 ************

Training agent...


********** Iteration 88000 ************

Training agent...


********** Iteration 89000 ************

Training agent...


********** Iteration 90000 ************

Training agent...

Beginning logging procedure...
Timestep 90001
mean reward (100 episodes) -79.562316
best mean reward -79.562316
running time 585.820424
Train_EnvstepsSoFar : 90001
Train_AverageReturn : -79.56231553432188
Train_BestReturn : -79.56231553432188
TimeSinceStart : 585.8204243183136
Training Loss : 0.2776421010494232
Done logging...




********** Iteration 91000 ************

Training agent...


********** Iteration 92000 ************

Training agent...


********** Iteration 93000 ************

Training agent...


********** Iteration 94000 ************

Training agent...


********** Iteration 95000 ************

Training agent...


********** Iteration 96000 ************

Training agent...


********** Iteration 97000 ************

Training agent...


********** Iteration 98000 ************

Training agent...


********** Iteration 99000 ************

Training agent...


********** Iteration 100000 ************

Training agent...

Beginning logging procedure...
Timestep 100001
mean reward (100 episodes) -69.230911
best mean reward -69.230911
running time 652.445267
Train_EnvstepsSoFar : 100001
Train_AverageReturn : -69.23091076852012
Train_BestReturn : -69.23091076852012
TimeSinceStart : 652.4452669620514
Training Loss : 3.3780713081359863
Done logging...




********** Iteration 101000 ************

Training agent...


********** Iteration 102000 ************

Training agent...


********** Iteration 103000 ************

Training agent...


********** Iteration 104000 ************

Training agent...


********** Iteration 105000 ************

Training agent...


********** Iteration 106000 ************

Training agent...


********** Iteration 107000 ************

Training agent...


********** Iteration 108000 ************

Training agent...


********** Iteration 109000 ************

Training agent...


********** Iteration 110000 ************

Training agent...

Beginning logging procedure...
Timestep 110001
mean reward (100 episodes) -43.984411
best mean reward -43.984411
running time 717.998891
Train_EnvstepsSoFar : 110001
Train_AverageReturn : -43.98441087039476
Train_BestReturn : -43.98441087039476
TimeSinceStart : 717.9988911151886
Training Loss : 0.1853557527065277
Done logging...




********** Iteration 111000 ************

Training agent...


********** Iteration 112000 ************

Training agent...


********** Iteration 113000 ************

Training agent...


********** Iteration 114000 ************

Training agent...


********** Iteration 115000 ************

Training agent...


********** Iteration 116000 ************

Training agent...


********** Iteration 117000 ************

Training agent...


********** Iteration 118000 ************

Training agent...


********** Iteration 119000 ************

Training agent...


********** Iteration 120000 ************

Training agent...

Beginning logging procedure...
Timestep 120001
mean reward (100 episodes) 1.529034
best mean reward 1.529034
running time 782.212862
Train_EnvstepsSoFar : 120001
Train_AverageReturn : 1.529034468850544
Train_BestReturn : 1.529034468850544
TimeSinceStart : 782.2128615379333
Training Loss : 0.36891335248947144
Done logging...




********** Iteration 121000 ************

Training agent...


********** Iteration 122000 ************

Training agent...


********** Iteration 123000 ************

Training agent...


********** Iteration 124000 ************

Training agent...


********** Iteration 125000 ************

Training agent...


********** Iteration 126000 ************

Training agent...


********** Iteration 127000 ************

Training agent...


********** Iteration 128000 ************

Training agent...


********** Iteration 129000 ************

Training agent...


********** Iteration 130000 ************

Training agent...

Beginning logging procedure...
Timestep 130001
mean reward (100 episodes) 46.351052
best mean reward 46.351052
running time 845.950783
Train_EnvstepsSoFar : 130001
Train_AverageReturn : 46.351052258555846
Train_BestReturn : 46.351052258555846
TimeSinceStart : 845.9507825374603
Training Loss : 0.23763251304626465
Done logging...




********** Iteration 131000 ************

Training agent...


********** Iteration 132000 ************

Training agent...


********** Iteration 133000 ************

Training agent...


********** Iteration 134000 ************

Training agent...


********** Iteration 135000 ************

Training agent...


********** Iteration 136000 ************

Training agent...


********** Iteration 137000 ************

Training agent...


********** Iteration 138000 ************

Training agent...


********** Iteration 139000 ************

Training agent...


********** Iteration 140000 ************

Training agent...

Beginning logging procedure...
Timestep 140001
mean reward (100 episodes) 99.006495
best mean reward 99.006495
running time 910.313498
Train_EnvstepsSoFar : 140001
Train_AverageReturn : 99.00649532047899
Train_BestReturn : 99.00649532047899
TimeSinceStart : 910.3134984970093
Training Loss : 0.20709797739982605
Done logging...




********** Iteration 141000 ************

Training agent...


********** Iteration 142000 ************

Training agent...


********** Iteration 143000 ************

Training agent...


********** Iteration 144000 ************

Training agent...


********** Iteration 145000 ************

Training agent...


********** Iteration 146000 ************

Training agent...


********** Iteration 147000 ************

Training agent...


********** Iteration 148000 ************

Training agent...


********** Iteration 149000 ************

Training agent...


********** Iteration 150000 ************

Training agent...

Beginning logging procedure...
Timestep 150001
mean reward (100 episodes) 151.452477
best mean reward 151.452477
running time 972.238360
Train_EnvstepsSoFar : 150001
Train_AverageReturn : 151.45247729095433
Train_BestReturn : 151.45247729095433
TimeSinceStart : 972.2383599281311
Training Loss : 0.3419426679611206
Done logging...




********** Iteration 151000 ************

Training agent...


********** Iteration 152000 ************

Training agent...


********** Iteration 153000 ************

Training agent...


********** Iteration 154000 ************

Training agent...


********** Iteration 155000 ************

Training agent...


********** Iteration 156000 ************

Training agent...


********** Iteration 157000 ************

Training agent...


********** Iteration 158000 ************

Training agent...


********** Iteration 159000 ************

Training agent...


********** Iteration 160000 ************

Training agent...

Beginning logging procedure...
Timestep 160001
mean reward (100 episodes) 188.747343
best mean reward 188.747343
running time 1034.883137
Train_EnvstepsSoFar : 160001
Train_AverageReturn : 188.7473432149571
Train_BestReturn : 188.7473432149571
TimeSinceStart : 1034.8831367492676
Training Loss : 0.30971595644950867
Done logging...




********** Iteration 161000 ************

Training agent...


********** Iteration 162000 ************

Training agent...


********** Iteration 163000 ************

Training agent...


********** Iteration 164000 ************

Training agent...


********** Iteration 165000 ************

Training agent...


********** Iteration 166000 ************

Training agent...


********** Iteration 167000 ************

Training agent...


********** Iteration 168000 ************

Training agent...


********** Iteration 169000 ************

Training agent...


********** Iteration 170000 ************

Training agent...

Beginning logging procedure...
Timestep 170001
mean reward (100 episodes) 190.891037
best mean reward 190.891037
running time 1099.384871
Train_EnvstepsSoFar : 170001
Train_AverageReturn : 190.8910368441935
Train_BestReturn : 190.8910368441935
TimeSinceStart : 1099.384871006012
Training Loss : 0.3446400761604309
Done logging...




********** Iteration 171000 ************

Training agent...


********** Iteration 172000 ************

Training agent...


********** Iteration 173000 ************

Training agent...


********** Iteration 174000 ************

Training agent...


********** Iteration 175000 ************

Training agent...


********** Iteration 176000 ************

Training agent...


********** Iteration 177000 ************

Training agent...


********** Iteration 178000 ************

Training agent...


********** Iteration 179000 ************

Training agent...


********** Iteration 180000 ************

Training agent...

Beginning logging procedure...
Timestep 180001
mean reward (100 episodes) 203.188437
best mean reward 203.188437
running time 1162.309478
Train_EnvstepsSoFar : 180001
Train_AverageReturn : 203.18843658597905
Train_BestReturn : 203.18843658597905
TimeSinceStart : 1162.30947804451
Training Loss : 0.36036837100982666
Done logging...




********** Iteration 181000 ************

Training agent...


********** Iteration 182000 ************

Training agent...


********** Iteration 183000 ************

Training agent...


********** Iteration 184000 ************

Training agent...


********** Iteration 185000 ************

Training agent...


********** Iteration 186000 ************

Training agent...


********** Iteration 187000 ************

Training agent...


********** Iteration 188000 ************

Training agent...


********** Iteration 189000 ************

Training agent...


********** Iteration 190000 ************

Training agent...

Beginning logging procedure...
Timestep 190001
mean reward (100 episodes) 204.621366
best mean reward 204.621366
running time 1224.869238
Train_EnvstepsSoFar : 190001
Train_AverageReturn : 204.62136590209965
Train_BestReturn : 204.62136590209965
TimeSinceStart : 1224.8692383766174
Training Loss : 0.1850774884223938
Done logging...




********** Iteration 191000 ************

Training agent...


********** Iteration 192000 ************

Training agent...


********** Iteration 193000 ************

Training agent...


********** Iteration 194000 ************

Training agent...


********** Iteration 195000 ************

Training agent...


********** Iteration 196000 ************

Training agent...


********** Iteration 197000 ************

Training agent...


********** Iteration 198000 ************

Training agent...


********** Iteration 199000 ************

Training agent...


********** Iteration 200000 ************

Training agent...

Beginning logging procedure...
Timestep 200001
mean reward (100 episodes) 211.288025
best mean reward 211.288025
running time 1287.986798
Train_EnvstepsSoFar : 200001
Train_AverageReturn : 211.28802542831374
Train_BestReturn : 211.28802542831374
TimeSinceStart : 1287.9867980480194
Training Loss : 0.23688729107379913
Done logging...




********** Iteration 201000 ************

Training agent...


********** Iteration 202000 ************

Training agent...


********** Iteration 203000 ************

Training agent...


********** Iteration 204000 ************

Training agent...


********** Iteration 205000 ************

Training agent...


********** Iteration 206000 ************

Training agent...


********** Iteration 207000 ************

Training agent...


********** Iteration 208000 ************

Training agent...


********** Iteration 209000 ************

Training agent...


********** Iteration 210000 ************

Training agent...

Beginning logging procedure...
Timestep 210001
mean reward (100 episodes) 217.297048
best mean reward 217.297048
running time 1349.841686
Train_EnvstepsSoFar : 210001
Train_AverageReturn : 217.2970477157004
Train_BestReturn : 217.2970477157004
TimeSinceStart : 1349.8416860103607
Training Loss : 0.8657620549201965
Done logging...




********** Iteration 211000 ************

Training agent...


********** Iteration 212000 ************

Training agent...


********** Iteration 213000 ************

Training agent...


********** Iteration 214000 ************

Training agent...


********** Iteration 215000 ************

Training agent...


********** Iteration 216000 ************

Training agent...


********** Iteration 217000 ************

Training agent...


********** Iteration 218000 ************

Training agent...


********** Iteration 219000 ************

Training agent...


********** Iteration 220000 ************

Training agent...

Beginning logging procedure...
Timestep 220001
mean reward (100 episodes) 230.291191
best mean reward 230.291191
running time 1411.449141
Train_EnvstepsSoFar : 220001
Train_AverageReturn : 230.29119124460485
Train_BestReturn : 230.29119124460485
TimeSinceStart : 1411.449140548706
Training Loss : 0.16237956285476685
Done logging...




********** Iteration 221000 ************

Training agent...


********** Iteration 222000 ************

Training agent...


********** Iteration 223000 ************

Training agent...


********** Iteration 224000 ************

Training agent...


********** Iteration 225000 ************

Training agent...


********** Iteration 226000 ************

Training agent...


********** Iteration 227000 ************

Training agent...


********** Iteration 228000 ************

Training agent...


********** Iteration 229000 ************

Training agent...


********** Iteration 230000 ************

Training agent...

Beginning logging procedure...
Timestep 230001
mean reward (100 episodes) 240.617524
best mean reward 240.617524
running time 1465.424485
Train_EnvstepsSoFar : 230001
Train_AverageReturn : 240.61752426985325
Train_BestReturn : 240.61752426985325
TimeSinceStart : 1465.424485206604
Training Loss : 0.7621321082115173
Done logging...




********** Iteration 231000 ************

Training agent...


********** Iteration 232000 ************

Training agent...


********** Iteration 233000 ************

Training agent...


********** Iteration 234000 ************

Training agent...


********** Iteration 235000 ************

Training agent...


********** Iteration 236000 ************

Training agent...


********** Iteration 237000 ************

Training agent...


********** Iteration 238000 ************

Training agent...


********** Iteration 239000 ************

Training agent...


********** Iteration 240000 ************

Training agent...

Beginning logging procedure...
Timestep 240001
mean reward (100 episodes) 248.422834
best mean reward 248.422834
running time 1519.232505
Train_EnvstepsSoFar : 240001
Train_AverageReturn : 248.42283364530851
Train_BestReturn : 248.42283364530851
TimeSinceStart : 1519.2325053215027
Training Loss : 0.5399762392044067
Done logging...




********** Iteration 241000 ************

Training agent...


********** Iteration 242000 ************

Training agent...


********** Iteration 243000 ************

Training agent...


********** Iteration 244000 ************

Training agent...


********** Iteration 245000 ************

Training agent...


********** Iteration 246000 ************

Training agent...


********** Iteration 247000 ************

Training agent...


********** Iteration 248000 ************

Training agent...


********** Iteration 249000 ************

Training agent...


********** Iteration 250000 ************

Training agent...

Beginning logging procedure...
Timestep 250001
mean reward (100 episodes) 254.374134
best mean reward 254.374134
running time 1573.887038
Train_EnvstepsSoFar : 250001
Train_AverageReturn : 254.37413395494042
Train_BestReturn : 254.37413395494042
TimeSinceStart : 1573.8870384693146
Training Loss : 0.5891058444976807
Done logging...




********** Iteration 251000 ************

Training agent...


********** Iteration 252000 ************

Training agent...


********** Iteration 253000 ************

Training agent...


********** Iteration 254000 ************

Training agent...


********** Iteration 255000 ************

Training agent...


********** Iteration 256000 ************

Training agent...


********** Iteration 257000 ************

Training agent...


********** Iteration 258000 ************

Training agent...


********** Iteration 259000 ************

Training agent...


********** Iteration 260000 ************

Training agent...

Beginning logging procedure...
Timestep 260001
mean reward (100 episodes) 243.814796
best mean reward 254.374134
running time 1628.881765
Train_EnvstepsSoFar : 260001
Train_AverageReturn : 243.81479610012272
Train_BestReturn : 254.37413395494042
TimeSinceStart : 1628.8817646503448
Training Loss : 0.07526449859142303
Done logging...




********** Iteration 261000 ************

Training agent...


********** Iteration 262000 ************

Training agent...


********** Iteration 263000 ************

Training agent...


********** Iteration 264000 ************

Training agent...


********** Iteration 265000 ************

Training agent...


********** Iteration 266000 ************

Training agent...


********** Iteration 267000 ************

Training agent...


********** Iteration 268000 ************

Training agent...


********** Iteration 269000 ************

Training agent...


********** Iteration 270000 ************

Training agent...

Beginning logging procedure...
Timestep 270001
mean reward (100 episodes) 233.093657
best mean reward 254.374134
running time 1683.997111
Train_EnvstepsSoFar : 270001
Train_AverageReturn : 233.09365685711109
Train_BestReturn : 254.37413395494042
TimeSinceStart : 1683.997111082077
Training Loss : 0.4517917335033417
Done logging...




********** Iteration 271000 ************

Training agent...


********** Iteration 272000 ************

Training agent...


********** Iteration 273000 ************

Training agent...


********** Iteration 274000 ************

Training agent...


********** Iteration 275000 ************

Training agent...


********** Iteration 276000 ************

Training agent...


********** Iteration 277000 ************

Training agent...


********** Iteration 278000 ************

Training agent...


********** Iteration 279000 ************

Training agent...


********** Iteration 280000 ************

Training agent...

Beginning logging procedure...
Timestep 280001
mean reward (100 episodes) 229.778139
best mean reward 254.374134
running time 1738.335617
Train_EnvstepsSoFar : 280001
Train_AverageReturn : 229.77813931070176
Train_BestReturn : 254.37413395494042
TimeSinceStart : 1738.3356165885925
Training Loss : 0.8833460211753845
Done logging...




********** Iteration 281000 ************

Training agent...


********** Iteration 282000 ************

Training agent...


********** Iteration 283000 ************

Training agent...


********** Iteration 284000 ************

Training agent...


********** Iteration 285000 ************

Training agent...


********** Iteration 286000 ************

Training agent...


********** Iteration 287000 ************

Training agent...


********** Iteration 288000 ************

Training agent...


********** Iteration 289000 ************

Training agent...


********** Iteration 290000 ************

Training agent...

Beginning logging procedure...
Timestep 290001
mean reward (100 episodes) 223.350722
best mean reward 254.374134
running time 1793.617645
Train_EnvstepsSoFar : 290001
Train_AverageReturn : 223.3507223560296
Train_BestReturn : 254.37413395494042
TimeSinceStart : 1793.6176452636719
Training Loss : 0.4210789203643799
Done logging...




********** Iteration 291000 ************

Training agent...


********** Iteration 292000 ************

Training agent...


********** Iteration 293000 ************

Training agent...


********** Iteration 294000 ************

Training agent...


********** Iteration 295000 ************

Training agent...


********** Iteration 296000 ************

Training agent...


********** Iteration 297000 ************

Training agent...


********** Iteration 298000 ************

Training agent...


********** Iteration 299000 ************

Training agent...


********** Iteration 300000 ************

Training agent...

Beginning logging procedure...
Timestep 300001
mean reward (100 episodes) 225.373943
best mean reward 254.374134
running time 1847.530787
Train_EnvstepsSoFar : 300001
Train_AverageReturn : 225.37394349387333
Train_BestReturn : 254.37413395494042
TimeSinceStart : 1847.530787229538
Training Loss : 0.3818902373313904
Done logging...


