Gym has been unmaintained since 2022 and does not support NumPy 2.0 amongst other critical functionality.
Please upgrade to Gymnasium, the maintained drop-in replacement of Gym, or contact the authors of your software and request that they upgrade.
See the migration guide at https://gymnasium.farama.org/introduction/migration_guide/ for additional information.



LOGGING TO:  /home/namankum/16831_hw/hw3/rob831/scripts/../../data/q1_doubledqn_3_LunarLander-v3_11-03-2026_19-28-26 



########################
logging outputs to  /home/namankum/16831_hw/hw3/rob831/scripts/../../data/q1_doubledqn_3_LunarLander-v3_11-03-2026_19-28-26
########################
Using GPU id 0
/home/namankum/16831_hw/hw2/.venv/lib64/python3.9/site-packages/gym/core.py:317: DeprecationWarning: [33mWARN: Initializing wrapper in old step API which returns one bool instead of two. It is recommended to set `new_step_api=True` to use new step API. This will be the default behaviour in future.[0m
  deprecation(
/home/namankum/16831_hw/hw2/.venv/lib64/python3.9/site-packages/gym/wrappers/step_api_compatibility.py:39: DeprecationWarning: [33mWARN: Initializing environment in old step API which returns one bool instead of two. It is recommended to set `new_step_api=True` to use new step API. This will be the default behaviour in future.[0m
  deprecation(
/home/namankum/16831_hw/hw2/.venv/lib64/python3.9/site-packages/gym/core.py:256: DeprecationWarning: [33mWARN: Function `env.seed(seed)` is marked as deprecated and will be removed in the future. Please use `env.reset(seed=seed)` instead.[0m
  deprecation(
/home/namankum/16831_hw/hw2/.venv/lib64/python3.9/site-packages/matplotlib/_fontconfig_pattern.py:64: PyparsingDeprecationWarning: 'oneOf' deprecated - use 'one_of'
  prop = Group((name + Suppress("=") + comma_separated(value)) | oneOf(_CONSTANTS))
/home/namankum/16831_hw/hw2/.venv/lib64/python3.9/site-packages/matplotlib/_fontconfig_pattern.py:85: PyparsingDeprecationWarning: 'parseString' deprecated - use 'parse_string'
  parse = parser.parseString(pattern)
/home/namankum/16831_hw/hw2/.venv/lib64/python3.9/site-packages/matplotlib/_fontconfig_pattern.py:89: PyparsingDeprecationWarning: 'resetCache' deprecated - use 'reset_cache'
  parser.resetCache()


********** Iteration 0 ************
/home/namankum/16831_hw/hw2/.venv/lib64/python3.9/site-packages/gym/utils/passive_env_checker.py:241: DeprecationWarning: `np.bool8` is a deprecated alias for `np.bool_`.  (Deprecated NumPy 1.24)
  if not isinstance(terminated, (bool, np.bool8)):

Training agent...

Beginning logging procedure...
Timestep 1
mean reward (100 episodes) nan
best mean reward -inf
running time 0.001322
Train_EnvstepsSoFar : 1
TimeSinceStart : 0.001321554183959961
Done logging...




********** Iteration 1000 ************

Training agent...


********** Iteration 2000 ************

Training agent...


********** Iteration 3000 ************

Training agent...


********** Iteration 4000 ************

Training agent...


********** Iteration 5000 ************

Training agent...


********** Iteration 6000 ************

Training agent...


********** Iteration 7000 ************

Training agent...


********** Iteration 8000 ************

Training agent...


********** Iteration 9000 ************

Training agent...


********** Iteration 10000 ************

Training agent...

Beginning logging procedure...
Timestep 10001
mean reward (100 episodes) -144.495484
best mean reward -inf
running time 52.416733
Train_EnvstepsSoFar : 10001
Train_AverageReturn : -144.4954835888305
TimeSinceStart : 52.41673254966736
Training Loss : 3.989877939224243
Done logging...




********** Iteration 11000 ************

Training agent...


********** Iteration 12000 ************

Training agent...


********** Iteration 13000 ************

Training agent...


********** Iteration 14000 ************

Training agent...


********** Iteration 15000 ************

Training agent...


********** Iteration 16000 ************

Training agent...


********** Iteration 17000 ************

Training agent...


********** Iteration 18000 ************

Training agent...


********** Iteration 19000 ************

Training agent...


********** Iteration 20000 ************

Training agent...

Beginning logging procedure...
Timestep 20001
mean reward (100 episodes) -113.870851
best mean reward -113.870851
running time 115.695744
Train_EnvstepsSoFar : 20001
Train_AverageReturn : -113.87085057142687
Train_BestReturn : -113.87085057142687
TimeSinceStart : 115.6957437992096
Training Loss : 0.7989706993103027
Done logging...




********** Iteration 21000 ************

Training agent...


********** Iteration 22000 ************

Training agent...


********** Iteration 23000 ************

Training agent...


********** Iteration 24000 ************

Training agent...


********** Iteration 25000 ************

Training agent...


********** Iteration 26000 ************

Training agent...


********** Iteration 27000 ************

Training agent...


********** Iteration 28000 ************

Training agent...


********** Iteration 29000 ************

Training agent...


********** Iteration 30000 ************

Training agent...

Beginning logging procedure...
Timestep 30001
mean reward (100 episodes) -93.290632
best mean reward -93.290632
running time 187.659612
Train_EnvstepsSoFar : 30001
Train_AverageReturn : -93.29063235031076
Train_BestReturn : -93.29063235031076
TimeSinceStart : 187.6596121788025
Training Loss : 0.30128851532936096
Done logging...




********** Iteration 31000 ************

Training agent...


********** Iteration 32000 ************

Training agent...


********** Iteration 33000 ************

Training agent...


********** Iteration 34000 ************

Training agent...


********** Iteration 35000 ************

Training agent...


********** Iteration 36000 ************

Training agent...


********** Iteration 37000 ************

Training agent...


********** Iteration 38000 ************

Training agent...


********** Iteration 39000 ************

Training agent...


********** Iteration 40000 ************

Training agent...

Beginning logging procedure...
Timestep 40001
mean reward (100 episodes) -81.765201
best mean reward -81.765201
running time 261.923979
Train_EnvstepsSoFar : 40001
Train_AverageReturn : -81.76520136654953
Train_BestReturn : -81.76520136654953
TimeSinceStart : 261.92397904396057
Training Loss : 0.2621917426586151
Done logging...




********** Iteration 41000 ************

Training agent...


********** Iteration 42000 ************

Training agent...


********** Iteration 43000 ************

Training agent...


********** Iteration 44000 ************

Training agent...


********** Iteration 45000 ************

Training agent...


********** Iteration 46000 ************

Training agent...


********** Iteration 47000 ************

Training agent...


********** Iteration 48000 ************

Training agent...


********** Iteration 49000 ************

Training agent...


********** Iteration 50000 ************

Training agent...

Beginning logging procedure...
Timestep 50001
mean reward (100 episodes) -75.214761
best mean reward -75.214761
running time 334.654516
Train_EnvstepsSoFar : 50001
Train_AverageReturn : -75.21476138069954
Train_BestReturn : -75.21476138069954
TimeSinceStart : 334.6545159816742
Training Loss : 2.0660948753356934
Done logging...




********** Iteration 51000 ************

Training agent...


********** Iteration 52000 ************

Training agent...


********** Iteration 53000 ************

Training agent...


********** Iteration 54000 ************

Training agent...


********** Iteration 55000 ************

Training agent...


********** Iteration 56000 ************

Training agent...


********** Iteration 57000 ************

Training agent...


********** Iteration 58000 ************

Training agent...


********** Iteration 59000 ************

Training agent...


********** Iteration 60000 ************

Training agent...

Beginning logging procedure...
Timestep 60001
mean reward (100 episodes) -70.407764
best mean reward -70.407764
running time 402.678303
Train_EnvstepsSoFar : 60001
Train_AverageReturn : -70.40776411959231
Train_BestReturn : -70.40776411959231
TimeSinceStart : 402.6783027648926
Training Loss : 0.4296920895576477
Done logging...




********** Iteration 61000 ************

Training agent...


********** Iteration 62000 ************

Training agent...


********** Iteration 63000 ************

Training agent...


********** Iteration 64000 ************

Training agent...


********** Iteration 65000 ************

Training agent...


********** Iteration 66000 ************

Training agent...


********** Iteration 67000 ************

Training agent...


********** Iteration 68000 ************

Training agent...


********** Iteration 69000 ************

Training agent...


********** Iteration 70000 ************

Training agent...

Beginning logging procedure...
Timestep 70001
mean reward (100 episodes) -69.643977
best mean reward -69.643977
running time 467.467856
Train_EnvstepsSoFar : 70001
Train_AverageReturn : -69.64397695172431
Train_BestReturn : -69.64397695172431
TimeSinceStart : 467.46785593032837
Training Loss : 0.3023267090320587
Done logging...




********** Iteration 71000 ************

Training agent...


********** Iteration 72000 ************

Training agent...


********** Iteration 73000 ************

Training agent...


********** Iteration 74000 ************

Training agent...


********** Iteration 75000 ************

Training agent...


********** Iteration 76000 ************

Training agent...


********** Iteration 77000 ************

Training agent...


********** Iteration 78000 ************

Training agent...


********** Iteration 79000 ************

Training agent...


********** Iteration 80000 ************

Training agent...

Beginning logging procedure...
Timestep 80001
mean reward (100 episodes) -70.926008
best mean reward -69.643977
running time 532.516061
Train_EnvstepsSoFar : 80001
Train_AverageReturn : -70.92600819200796
Train_BestReturn : -69.64397695172431
TimeSinceStart : 532.5160608291626
Training Loss : 0.14986562728881836
Done logging...




********** Iteration 81000 ************

Training agent...


********** Iteration 82000 ************

Training agent...


********** Iteration 83000 ************

Training agent...


********** Iteration 84000 ************

Training agent...


********** Iteration 85000 ************

Training agent...


********** Iteration 86000 ************

Training agent...


********** Iteration 87000 ************

Training agent...


********** Iteration 88000 ************

Training agent...


********** Iteration 89000 ************

Training agent...


********** Iteration 90000 ************

Training agent...

Beginning logging procedure...
Timestep 90001
mean reward (100 episodes) -60.892269
best mean reward -60.892269
running time 597.647328
Train_EnvstepsSoFar : 90001
Train_AverageReturn : -60.89226875703375
Train_BestReturn : -60.89226875703375
TimeSinceStart : 597.6473281383514
Training Loss : 0.2541162967681885
Done logging...




********** Iteration 91000 ************

Training agent...


********** Iteration 92000 ************

Training agent...


********** Iteration 93000 ************

Training agent...


********** Iteration 94000 ************

Training agent...


********** Iteration 95000 ************

Training agent...


********** Iteration 96000 ************

Training agent...


********** Iteration 97000 ************

Training agent...


********** Iteration 98000 ************

Training agent...


********** Iteration 99000 ************

Training agent...


********** Iteration 100000 ************

Training agent...

Beginning logging procedure...
Timestep 100001
mean reward (100 episodes) -55.221605
best mean reward -55.221605
running time 660.421846
Train_EnvstepsSoFar : 100001
Train_AverageReturn : -55.22160496029352
Train_BestReturn : -55.22160496029352
TimeSinceStart : 660.4218459129333
Training Loss : 0.21583664417266846
Done logging...




********** Iteration 101000 ************

Training agent...


********** Iteration 102000 ************

Training agent...


********** Iteration 103000 ************

Training agent...


********** Iteration 104000 ************

Training agent...


********** Iteration 105000 ************

Training agent...


********** Iteration 106000 ************

Training agent...


********** Iteration 107000 ************

Training agent...


********** Iteration 108000 ************

Training agent...


********** Iteration 109000 ************

Training agent...


********** Iteration 110000 ************

Training agent...

Beginning logging procedure...
Timestep 110001
mean reward (100 episodes) -20.650766
best mean reward -20.650766
running time 722.543142
Train_EnvstepsSoFar : 110001
Train_AverageReturn : -20.65076631543905
Train_BestReturn : -20.65076631543905
TimeSinceStart : 722.543142080307
Training Loss : 0.4856357276439667
Done logging...




********** Iteration 111000 ************

Training agent...


********** Iteration 112000 ************

Training agent...


********** Iteration 113000 ************

Training agent...


********** Iteration 114000 ************

Training agent...


********** Iteration 115000 ************

Training agent...


********** Iteration 116000 ************

Training agent...


********** Iteration 117000 ************

Training agent...


********** Iteration 118000 ************

Training agent...


********** Iteration 119000 ************

Training agent...


********** Iteration 120000 ************

Training agent...

Beginning logging procedure...
Timestep 120001
mean reward (100 episodes) -4.951922
best mean reward -4.951922
running time 787.033594
Train_EnvstepsSoFar : 120001
Train_AverageReturn : -4.951922283793284
Train_BestReturn : -4.951922283793284
TimeSinceStart : 787.0335941314697
Training Loss : 0.2671322822570801
Done logging...




********** Iteration 121000 ************

Training agent...


********** Iteration 122000 ************

Training agent...


********** Iteration 123000 ************

Training agent...


********** Iteration 124000 ************

Training agent...


********** Iteration 125000 ************

Training agent...


********** Iteration 126000 ************

Training agent...


********** Iteration 127000 ************

Training agent...


********** Iteration 128000 ************

Training agent...


********** Iteration 129000 ************

Training agent...


********** Iteration 130000 ************

Training agent...

Beginning logging procedure...
Timestep 130001
mean reward (100 episodes) 43.354464
best mean reward 43.354464
running time 849.028605
Train_EnvstepsSoFar : 130001
Train_AverageReturn : 43.35446429742362
Train_BestReturn : 43.35446429742362
TimeSinceStart : 849.0286049842834
Training Loss : 0.40629634261131287
Done logging...




********** Iteration 131000 ************

Training agent...


********** Iteration 132000 ************

Training agent...


********** Iteration 133000 ************

Training agent...


********** Iteration 134000 ************

Training agent...


********** Iteration 135000 ************

Training agent...


********** Iteration 136000 ************

Training agent...


********** Iteration 137000 ************

Training agent...


********** Iteration 138000 ************

Training agent...


********** Iteration 139000 ************

Training agent...


********** Iteration 140000 ************

Training agent...

Beginning logging procedure...
Timestep 140001
mean reward (100 episodes) 83.096816
best mean reward 83.096816
running time 912.399717
Train_EnvstepsSoFar : 140001
Train_AverageReturn : 83.09681570591069
Train_BestReturn : 83.09681570591069
TimeSinceStart : 912.3997168540955
Training Loss : 0.33707529306411743
Done logging...




********** Iteration 141000 ************

Training agent...


********** Iteration 142000 ************

Training agent...


********** Iteration 143000 ************

Training agent...


********** Iteration 144000 ************

Training agent...


********** Iteration 145000 ************

Training agent...


********** Iteration 146000 ************

Training agent...


********** Iteration 147000 ************

Training agent...


********** Iteration 148000 ************

Training agent...


********** Iteration 149000 ************

Training agent...


********** Iteration 150000 ************

Training agent...

Beginning logging procedure...
Timestep 150001
mean reward (100 episodes) 109.506053
best mean reward 109.506053
running time 977.786246
Train_EnvstepsSoFar : 150001
Train_AverageReturn : 109.50605286002589
Train_BestReturn : 109.50605286002589
TimeSinceStart : 977.7862455844879
Training Loss : 0.15553875267505646
Done logging...




********** Iteration 151000 ************

Training agent...


********** Iteration 152000 ************

Training agent...


********** Iteration 153000 ************

Training agent...


********** Iteration 154000 ************

Training agent...


********** Iteration 155000 ************

Training agent...


********** Iteration 156000 ************

Training agent...


********** Iteration 157000 ************

Training agent...


********** Iteration 158000 ************

Training agent...


********** Iteration 159000 ************

Training agent...


********** Iteration 160000 ************

Training agent...

Beginning logging procedure...
Timestep 160001
mean reward (100 episodes) 150.723185
best mean reward 150.723185
running time 1040.346492
Train_EnvstepsSoFar : 160001
Train_AverageReturn : 150.72318536023084
Train_BestReturn : 150.72318536023084
TimeSinceStart : 1040.3464922904968
Training Loss : 0.24082843959331512
Done logging...




********** Iteration 161000 ************

Training agent...


********** Iteration 162000 ************

Training agent...


********** Iteration 163000 ************

Training agent...


********** Iteration 164000 ************

Training agent...


********** Iteration 165000 ************

Training agent...


********** Iteration 166000 ************

Training agent...


********** Iteration 167000 ************

Training agent...


********** Iteration 168000 ************

Training agent...


********** Iteration 169000 ************

Training agent...


********** Iteration 170000 ************

Training agent...

Beginning logging procedure...
Timestep 170001
mean reward (100 episodes) 183.371250
best mean reward 183.371250
running time 1103.483813
Train_EnvstepsSoFar : 170001
Train_AverageReturn : 183.37124956496965
Train_BestReturn : 183.37124956496965
TimeSinceStart : 1103.4838132858276
Training Loss : 0.2501870393753052
Done logging...




********** Iteration 171000 ************

Training agent...


********** Iteration 172000 ************

Training agent...


********** Iteration 173000 ************

Training agent...


********** Iteration 174000 ************

Training agent...


********** Iteration 175000 ************

Training agent...


********** Iteration 176000 ************

Training agent...


********** Iteration 177000 ************

Training agent...


********** Iteration 178000 ************

Training agent...


********** Iteration 179000 ************

Training agent...


********** Iteration 180000 ************

Training agent...

Beginning logging procedure...
Timestep 180001
mean reward (100 episodes) 209.599892
best mean reward 209.599892
running time 1166.135890
Train_EnvstepsSoFar : 180001
Train_AverageReturn : 209.59989206108813
Train_BestReturn : 209.59989206108813
TimeSinceStart : 1166.135890007019
Training Loss : 0.18180915713310242
Done logging...




********** Iteration 181000 ************

Training agent...


********** Iteration 182000 ************

Training agent...


********** Iteration 183000 ************

Training agent...


********** Iteration 184000 ************

Training agent...


********** Iteration 185000 ************

Training agent...


********** Iteration 186000 ************

Training agent...


********** Iteration 187000 ************

Training agent...


********** Iteration 188000 ************

Training agent...


********** Iteration 189000 ************

Training agent...


********** Iteration 190000 ************

Training agent...

Beginning logging procedure...
Timestep 190001
mean reward (100 episodes) 223.357700
best mean reward 223.357700
running time 1227.838150
Train_EnvstepsSoFar : 190001
Train_AverageReturn : 223.35769986519222
Train_BestReturn : 223.35769986519222
TimeSinceStart : 1227.8381502628326
Training Loss : 0.26259690523147583
Done logging...




********** Iteration 191000 ************

Training agent...


********** Iteration 192000 ************

Training agent...


********** Iteration 193000 ************

Training agent...


********** Iteration 194000 ************

Training agent...


********** Iteration 195000 ************

Training agent...


********** Iteration 196000 ************

Training agent...


********** Iteration 197000 ************

Training agent...


********** Iteration 198000 ************

Training agent...


********** Iteration 199000 ************

Training agent...


********** Iteration 200000 ************

Training agent...

Beginning logging procedure...
Timestep 200001
mean reward (100 episodes) 220.053548
best mean reward 223.357700
running time 1290.292722
Train_EnvstepsSoFar : 200001
Train_AverageReturn : 220.05354796630948
Train_BestReturn : 223.35769986519222
TimeSinceStart : 1290.2927215099335
Training Loss : 0.13037876784801483
Done logging...




********** Iteration 201000 ************

Training agent...


********** Iteration 202000 ************

Training agent...


********** Iteration 203000 ************

Training agent...


********** Iteration 204000 ************

Training agent...


********** Iteration 205000 ************

Training agent...


********** Iteration 206000 ************

Training agent...


********** Iteration 207000 ************

Training agent...


********** Iteration 208000 ************

Training agent...


********** Iteration 209000 ************

Training agent...


********** Iteration 210000 ************

Training agent...

Beginning logging procedure...
Timestep 210001
mean reward (100 episodes) 219.766343
best mean reward 223.357700
running time 1351.793667
Train_EnvstepsSoFar : 210001
Train_AverageReturn : 219.76634302288895
Train_BestReturn : 223.35769986519222
TimeSinceStart : 1351.7936673164368
Training Loss : 0.5701515078544617
Done logging...




********** Iteration 211000 ************

Training agent...


********** Iteration 212000 ************

Training agent...


********** Iteration 213000 ************

Training agent...


********** Iteration 214000 ************

Training agent...


********** Iteration 215000 ************

Training agent...


********** Iteration 216000 ************

Training agent...


********** Iteration 217000 ************

Training agent...


********** Iteration 218000 ************

Training agent...


********** Iteration 219000 ************

Training agent...


********** Iteration 220000 ************

Training agent...

Beginning logging procedure...
Timestep 220001
mean reward (100 episodes) 211.731606
best mean reward 223.357700
running time 1415.590922
Train_EnvstepsSoFar : 220001
Train_AverageReturn : 211.73160608877032
Train_BestReturn : 223.35769986519222
TimeSinceStart : 1415.5909221172333
Training Loss : 0.25602275133132935
Done logging...




********** Iteration 221000 ************

Training agent...


********** Iteration 222000 ************

Training agent...


********** Iteration 223000 ************

Training agent...


********** Iteration 224000 ************

Training agent...


********** Iteration 225000 ************

Training agent...


********** Iteration 226000 ************

Training agent...


********** Iteration 227000 ************

Training agent...


********** Iteration 228000 ************

Training agent...


********** Iteration 229000 ************

Training agent...


********** Iteration 230000 ************

Training agent...

Beginning logging procedure...
Timestep 230001
mean reward (100 episodes) 208.065436
best mean reward 223.357700
running time 1473.131431
Train_EnvstepsSoFar : 230001
Train_AverageReturn : 208.06543550277934
Train_BestReturn : 223.35769986519222
TimeSinceStart : 1473.1314311027527
Training Loss : 0.36852896213531494
Done logging...




********** Iteration 231000 ************

Training agent...


********** Iteration 232000 ************

Training agent...


********** Iteration 233000 ************

Training agent...


********** Iteration 234000 ************

Training agent...


********** Iteration 235000 ************

Training agent...


********** Iteration 236000 ************

Training agent...


********** Iteration 237000 ************

Training agent...


********** Iteration 238000 ************

Training agent...


********** Iteration 239000 ************

Training agent...


********** Iteration 240000 ************

Training agent...

Beginning logging procedure...
Timestep 240001
mean reward (100 episodes) 211.506860
best mean reward 223.357700
running time 1527.791887
Train_EnvstepsSoFar : 240001
Train_AverageReturn : 211.5068601482733
Train_BestReturn : 223.35769986519222
TimeSinceStart : 1527.791886806488
Training Loss : 0.24986222386360168
Done logging...




********** Iteration 241000 ************

Training agent...


********** Iteration 242000 ************

Training agent...


********** Iteration 243000 ************

Training agent...


********** Iteration 244000 ************

Training agent...


********** Iteration 245000 ************

Training agent...


********** Iteration 246000 ************

Training agent...


********** Iteration 247000 ************

Training agent...


********** Iteration 248000 ************

Training agent...


********** Iteration 249000 ************

Training agent...


********** Iteration 250000 ************

Training agent...

Beginning logging procedure...
Timestep 250001
mean reward (100 episodes) 209.337297
best mean reward 223.357700
running time 1581.561462
Train_EnvstepsSoFar : 250001
Train_AverageReturn : 209.33729713033483
Train_BestReturn : 223.35769986519222
TimeSinceStart : 1581.5614621639252
Training Loss : 1.1667892932891846
Done logging...




********** Iteration 251000 ************

Training agent...


********** Iteration 252000 ************

Training agent...


********** Iteration 253000 ************

Training agent...


********** Iteration 254000 ************

Training agent...


********** Iteration 255000 ************

Training agent...


********** Iteration 256000 ************

Training agent...


********** Iteration 257000 ************

Training agent...


********** Iteration 258000 ************

Training agent...


********** Iteration 259000 ************

Training agent...


********** Iteration 260000 ************

Training agent...

Beginning logging procedure...
Timestep 260001
mean reward (100 episodes) 225.374136
best mean reward 225.374136
running time 1636.013164
Train_EnvstepsSoFar : 260001
Train_AverageReturn : 225.37413551685484
Train_BestReturn : 225.37413551685484
TimeSinceStart : 1636.0131635665894
Training Loss : 0.19031581282615662
Done logging...




********** Iteration 261000 ************

Training agent...


********** Iteration 262000 ************

Training agent...


********** Iteration 263000 ************

Training agent...


********** Iteration 264000 ************

Training agent...


********** Iteration 265000 ************

Training agent...


********** Iteration 266000 ************

Training agent...


********** Iteration 267000 ************

Training agent...


********** Iteration 268000 ************

Training agent...


********** Iteration 269000 ************

Training agent...


********** Iteration 270000 ************

Training agent...

Beginning logging procedure...
Timestep 270001
mean reward (100 episodes) 232.628456
best mean reward 232.628456
running time 1691.318837
Train_EnvstepsSoFar : 270001
Train_AverageReturn : 232.62845616270408
Train_BestReturn : 232.62845616270408
TimeSinceStart : 1691.318837404251
Training Loss : 3.5199337005615234
Done logging...




********** Iteration 271000 ************

Training agent...


********** Iteration 272000 ************

Training agent...


********** Iteration 273000 ************

Training agent...


********** Iteration 274000 ************

Training agent...


********** Iteration 275000 ************

Training agent...


********** Iteration 276000 ************

Training agent...


********** Iteration 277000 ************

Training agent...


********** Iteration 278000 ************

Training agent...


********** Iteration 279000 ************

Training agent...


********** Iteration 280000 ************

Training agent...

Beginning logging procedure...
Timestep 280001
mean reward (100 episodes) 247.158878
best mean reward 247.158878
running time 1745.581938
Train_EnvstepsSoFar : 280001
Train_AverageReturn : 247.15887787037758
Train_BestReturn : 247.15887787037758
TimeSinceStart : 1745.5819382667542
Training Loss : 3.713365077972412
Done logging...




********** Iteration 281000 ************

Training agent...


********** Iteration 282000 ************

Training agent...


********** Iteration 283000 ************

Training agent...


********** Iteration 284000 ************

Training agent...


********** Iteration 285000 ************

Training agent...


********** Iteration 286000 ************

Training agent...


********** Iteration 287000 ************

Training agent...


********** Iteration 288000 ************

Training agent...


********** Iteration 289000 ************

Training agent...


********** Iteration 290000 ************

Training agent...

Beginning logging procedure...
Timestep 290001
mean reward (100 episodes) 243.331496
best mean reward 247.158878
running time 1800.835663
Train_EnvstepsSoFar : 290001
Train_AverageReturn : 243.33149559594685
Train_BestReturn : 247.15887787037758
TimeSinceStart : 1800.8356628417969
Training Loss : 1.2346493005752563
Done logging...




********** Iteration 291000 ************

Training agent...


********** Iteration 292000 ************

Training agent...


********** Iteration 293000 ************

Training agent...


********** Iteration 294000 ************

Training agent...


********** Iteration 295000 ************

Training agent...


********** Iteration 296000 ************

Training agent...


********** Iteration 297000 ************

Training agent...


********** Iteration 298000 ************

Training agent...


********** Iteration 299000 ************

Training agent...


********** Iteration 300000 ************

Training agent...

Beginning logging procedure...
Timestep 300001
mean reward (100 episodes) 238.632194
best mean reward 247.158878
running time 1852.293209
Train_EnvstepsSoFar : 300001
Train_AverageReturn : 238.63219408471582
Train_BestReturn : 247.15887787037758
TimeSinceStart : 1852.2932088375092
Training Loss : 4.782919883728027
Done logging...


