Gym has been unmaintained since 2022 and does not support NumPy 2.0 amongst other critical functionality.
Please upgrade to Gymnasium, the maintained drop-in replacement of Gym, or contact the authors of your software and request that they upgrade.
See the migration guide at https://gymnasium.farama.org/introduction/migration_guide/ for additional information.



LOGGING TO:  /home/namankum/16831_hw/hw3/rob831/scripts/../../data/q1_doubledqn_1_LunarLander-v3_11-03-2026_19-28-26 



########################
logging outputs to  /home/namankum/16831_hw/hw3/rob831/scripts/../../data/q1_doubledqn_1_LunarLander-v3_11-03-2026_19-28-26
########################
Using GPU id 0
/home/namankum/16831_hw/hw2/.venv/lib64/python3.9/site-packages/gym/core.py:317: DeprecationWarning: [33mWARN: Initializing wrapper in old step API which returns one bool instead of two. It is recommended to set `new_step_api=True` to use new step API. This will be the default behaviour in future.[0m
  deprecation(
/home/namankum/16831_hw/hw2/.venv/lib64/python3.9/site-packages/gym/wrappers/step_api_compatibility.py:39: DeprecationWarning: [33mWARN: Initializing environment in old step API which returns one bool instead of two. It is recommended to set `new_step_api=True` to use new step API. This will be the default behaviour in future.[0m
  deprecation(
/home/namankum/16831_hw/hw2/.venv/lib64/python3.9/site-packages/gym/core.py:256: DeprecationWarning: [33mWARN: Function `env.seed(seed)` is marked as deprecated and will be removed in the future. Please use `env.reset(seed=seed)` instead.[0m
  deprecation(
/home/namankum/16831_hw/hw2/.venv/lib64/python3.9/site-packages/matplotlib/_fontconfig_pattern.py:64: PyparsingDeprecationWarning: 'oneOf' deprecated - use 'one_of'
  prop = Group((name + Suppress("=") + comma_separated(value)) | oneOf(_CONSTANTS))
/home/namankum/16831_hw/hw2/.venv/lib64/python3.9/site-packages/matplotlib/_fontconfig_pattern.py:85: PyparsingDeprecationWarning: 'parseString' deprecated - use 'parse_string'
  parse = parser.parseString(pattern)
/home/namankum/16831_hw/hw2/.venv/lib64/python3.9/site-packages/matplotlib/_fontconfig_pattern.py:89: PyparsingDeprecationWarning: 'resetCache' deprecated - use 'reset_cache'
  parser.resetCache()


********** Iteration 0 ************
/home/namankum/16831_hw/hw2/.venv/lib64/python3.9/site-packages/gym/utils/passive_env_checker.py:241: DeprecationWarning: `np.bool8` is a deprecated alias for `np.bool_`.  (Deprecated NumPy 1.24)
  if not isinstance(terminated, (bool, np.bool8)):

Training agent...

Beginning logging procedure...
Timestep 1
mean reward (100 episodes) nan
best mean reward -inf
running time 0.001976
Train_EnvstepsSoFar : 1
TimeSinceStart : 0.00197601318359375
Done logging...




********** Iteration 1000 ************

Training agent...


********** Iteration 2000 ************

Training agent...


********** Iteration 3000 ************

Training agent...


********** Iteration 4000 ************

Training agent...


********** Iteration 5000 ************

Training agent...


********** Iteration 6000 ************

Training agent...


********** Iteration 7000 ************

Training agent...


********** Iteration 8000 ************

Training agent...


********** Iteration 9000 ************

Training agent...


********** Iteration 10000 ************

Training agent...

Beginning logging procedure...
Timestep 10001
mean reward (100 episodes) -141.932292
best mean reward -inf
running time 51.811012
Train_EnvstepsSoFar : 10001
Train_AverageReturn : -141.93229219581224
TimeSinceStart : 51.811012268066406
Training Loss : 0.19100843369960785
Done logging...




********** Iteration 11000 ************

Training agent...


********** Iteration 12000 ************

Training agent...


********** Iteration 13000 ************

Training agent...


********** Iteration 14000 ************

Training agent...


********** Iteration 15000 ************

Training agent...


********** Iteration 16000 ************

Training agent...


********** Iteration 17000 ************

Training agent...


********** Iteration 18000 ************

Training agent...


********** Iteration 19000 ************

Training agent...


********** Iteration 20000 ************

Training agent...

Beginning logging procedure...
Timestep 20001
mean reward (100 episodes) -105.025767
best mean reward -105.025767
running time 116.875629
Train_EnvstepsSoFar : 20001
Train_AverageReturn : -105.0257665628671
Train_BestReturn : -105.0257665628671
TimeSinceStart : 116.87562918663025
Training Loss : 1.5740145444869995
Done logging...




********** Iteration 21000 ************

Training agent...


********** Iteration 22000 ************

Training agent...


********** Iteration 23000 ************

Training agent...


********** Iteration 24000 ************

Training agent...


********** Iteration 25000 ************

Training agent...


********** Iteration 26000 ************

Training agent...


********** Iteration 27000 ************

Training agent...


********** Iteration 28000 ************

Training agent...


********** Iteration 29000 ************

Training agent...


********** Iteration 30000 ************

Training agent...

Beginning logging procedure...
Timestep 30001
mean reward (100 episodes) -101.123842
best mean reward -101.123842
running time 190.725267
Train_EnvstepsSoFar : 30001
Train_AverageReturn : -101.12384241608386
Train_BestReturn : -101.12384241608386
TimeSinceStart : 190.72526717185974
Training Loss : 0.3670111298561096
Done logging...




********** Iteration 31000 ************

Training agent...


********** Iteration 32000 ************

Training agent...


********** Iteration 33000 ************

Training agent...


********** Iteration 34000 ************

Training agent...


********** Iteration 35000 ************

Training agent...


********** Iteration 36000 ************

Training agent...


********** Iteration 37000 ************

Training agent...


********** Iteration 38000 ************

Training agent...


********** Iteration 39000 ************

Training agent...


********** Iteration 40000 ************

Training agent...

Beginning logging procedure...
Timestep 40001
mean reward (100 episodes) -99.483860
best mean reward -99.483860
running time 267.930972
Train_EnvstepsSoFar : 40001
Train_AverageReturn : -99.48385987359352
Train_BestReturn : -99.48385987359352
TimeSinceStart : 267.9309720993042
Training Loss : 0.4070735573768616
Done logging...




********** Iteration 41000 ************

Training agent...


********** Iteration 42000 ************

Training agent...


********** Iteration 43000 ************

Training agent...


********** Iteration 44000 ************

Training agent...


********** Iteration 45000 ************

Training agent...


********** Iteration 46000 ************

Training agent...


********** Iteration 47000 ************

Training agent...


********** Iteration 48000 ************

Training agent...


********** Iteration 49000 ************

Training agent...


********** Iteration 50000 ************

Training agent...

Beginning logging procedure...
Timestep 50001
mean reward (100 episodes) -91.680577
best mean reward -91.680577
running time 340.212476
Train_EnvstepsSoFar : 50001
Train_AverageReturn : -91.68057721127123
Train_BestReturn : -91.68057721127123
TimeSinceStart : 340.2124764919281
Training Loss : 2.7091524600982666
Done logging...




********** Iteration 51000 ************

Training agent...


********** Iteration 52000 ************

Training agent...


********** Iteration 53000 ************

Training agent...


********** Iteration 54000 ************

Training agent...


********** Iteration 55000 ************

Training agent...


********** Iteration 56000 ************

Training agent...


********** Iteration 57000 ************

Training agent...


********** Iteration 58000 ************

Training agent...


********** Iteration 59000 ************

Training agent...


********** Iteration 60000 ************

Training agent...

Beginning logging procedure...
Timestep 60001
mean reward (100 episodes) -85.221007
best mean reward -85.221007
running time 406.548396
Train_EnvstepsSoFar : 60001
Train_AverageReturn : -85.22100738131626
Train_BestReturn : -85.22100738131626
TimeSinceStart : 406.54839634895325
Training Loss : 0.8124650716781616
Done logging...




********** Iteration 61000 ************

Training agent...


********** Iteration 62000 ************

Training agent...


********** Iteration 63000 ************

Training agent...


********** Iteration 64000 ************

Training agent...


********** Iteration 65000 ************

Training agent...


********** Iteration 66000 ************

Training agent...


********** Iteration 67000 ************

Training agent...


********** Iteration 68000 ************

Training agent...


********** Iteration 69000 ************

Training agent...


********** Iteration 70000 ************

Training agent...

Beginning logging procedure...
Timestep 70001
mean reward (100 episodes) -79.619649
best mean reward -79.619649
running time 477.303820
Train_EnvstepsSoFar : 70001
Train_AverageReturn : -79.61964916356108
Train_BestReturn : -79.61964916356108
TimeSinceStart : 477.30381965637207
Training Loss : 0.3302569091320038
Done logging...




********** Iteration 71000 ************

Training agent...


********** Iteration 72000 ************

Training agent...


********** Iteration 73000 ************

Training agent...


********** Iteration 74000 ************

Training agent...


********** Iteration 75000 ************

Training agent...


********** Iteration 76000 ************

Training agent...


********** Iteration 77000 ************

Training agent...


********** Iteration 78000 ************

Training agent...


********** Iteration 79000 ************

Training agent...


********** Iteration 80000 ************

Training agent...

Beginning logging procedure...
Timestep 80001
mean reward (100 episodes) -75.111774
best mean reward -75.111774
running time 545.430910
Train_EnvstepsSoFar : 80001
Train_AverageReturn : -75.1117740500771
Train_BestReturn : -75.1117740500771
TimeSinceStart : 545.430909872055
Training Loss : 0.1764976680278778
Done logging...




********** Iteration 81000 ************

Training agent...


********** Iteration 82000 ************

Training agent...


********** Iteration 83000 ************

Training agent...


********** Iteration 84000 ************

Training agent...


********** Iteration 85000 ************

Training agent...


********** Iteration 86000 ************

Training agent...


********** Iteration 87000 ************

Training agent...


********** Iteration 88000 ************

Training agent...


********** Iteration 89000 ************

Training agent...


********** Iteration 90000 ************

Training agent...

Beginning logging procedure...
Timestep 90001
mean reward (100 episodes) -67.279020
best mean reward -67.279020
running time 613.674907
Train_EnvstepsSoFar : 90001
Train_AverageReturn : -67.27901996093769
Train_BestReturn : -67.27901996093769
TimeSinceStart : 613.674907207489
Training Loss : 0.20075631141662598
Done logging...




********** Iteration 91000 ************

Training agent...


********** Iteration 92000 ************

Training agent...


********** Iteration 93000 ************

Training agent...


********** Iteration 94000 ************

Training agent...


********** Iteration 95000 ************

Training agent...


********** Iteration 96000 ************

Training agent...


********** Iteration 97000 ************

Training agent...


********** Iteration 98000 ************

Training agent...


********** Iteration 99000 ************

Training agent...


********** Iteration 100000 ************

Training agent...

Beginning logging procedure...
Timestep 100001
mean reward (100 episodes) -61.569640
best mean reward -61.569640
running time 686.518202
Train_EnvstepsSoFar : 100001
Train_AverageReturn : -61.56963956344624
Train_BestReturn : -61.56963956344624
TimeSinceStart : 686.5182020664215
Training Loss : 0.10365031659603119
Done logging...




********** Iteration 101000 ************

Training agent...


********** Iteration 102000 ************

Training agent...


********** Iteration 103000 ************

Training agent...


********** Iteration 104000 ************

Training agent...


********** Iteration 105000 ************

Training agent...


********** Iteration 106000 ************

Training agent...


********** Iteration 107000 ************

Training agent...


********** Iteration 108000 ************

Training agent...


********** Iteration 109000 ************

Training agent...


********** Iteration 110000 ************

Training agent...

Beginning logging procedure...
Timestep 110001
mean reward (100 episodes) -48.129726
best mean reward -48.129726
running time 756.476106
Train_EnvstepsSoFar : 110001
Train_AverageReturn : -48.12972588647634
Train_BestReturn : -48.12972588647634
TimeSinceStart : 756.4761056900024
Training Loss : 0.11392680555582047
Done logging...




********** Iteration 111000 ************

Training agent...


********** Iteration 112000 ************

Training agent...


********** Iteration 113000 ************

Training agent...


********** Iteration 114000 ************

Training agent...


********** Iteration 115000 ************

Training agent...


********** Iteration 116000 ************

Training agent...


********** Iteration 117000 ************

Training agent...


********** Iteration 118000 ************

Training agent...


********** Iteration 119000 ************

Training agent...


********** Iteration 120000 ************

Training agent...

Beginning logging procedure...
Timestep 120001
mean reward (100 episodes) -22.814774
best mean reward -22.814774
running time 824.290885
Train_EnvstepsSoFar : 120001
Train_AverageReturn : -22.814773806872672
Train_BestReturn : -22.814773806872672
TimeSinceStart : 824.2908854484558
Training Loss : 0.06982938945293427
Done logging...




********** Iteration 121000 ************

Training agent...


********** Iteration 122000 ************

Training agent...


********** Iteration 123000 ************

Training agent...


********** Iteration 124000 ************

Training agent...


********** Iteration 125000 ************

Training agent...


********** Iteration 126000 ************

Training agent...


********** Iteration 127000 ************

Training agent...


********** Iteration 128000 ************

Training agent...


********** Iteration 129000 ************

Training agent...


********** Iteration 130000 ************

Training agent...

Beginning logging procedure...
Timestep 130001
mean reward (100 episodes) -14.074189
best mean reward -14.074189
running time 894.345328
Train_EnvstepsSoFar : 130001
Train_AverageReturn : -14.074188859926469
Train_BestReturn : -14.074188859926469
TimeSinceStart : 894.3453278541565
Training Loss : 0.09751340001821518
Done logging...




********** Iteration 131000 ************

Training agent...


********** Iteration 132000 ************

Training agent...


********** Iteration 133000 ************

Training agent...


********** Iteration 134000 ************

Training agent...


********** Iteration 135000 ************

Training agent...


********** Iteration 136000 ************

Training agent...


********** Iteration 137000 ************

Training agent...


********** Iteration 138000 ************

Training agent...


********** Iteration 139000 ************

Training agent...


********** Iteration 140000 ************

Training agent...

Beginning logging procedure...
Timestep 140001
mean reward (100 episodes) -4.801374
best mean reward -4.801374
running time 963.445479
Train_EnvstepsSoFar : 140001
Train_AverageReturn : -4.801374443752362
Train_BestReturn : -4.801374443752362
TimeSinceStart : 963.4454791545868
Training Loss : 0.8223253488540649
Done logging...




********** Iteration 141000 ************

Training agent...


********** Iteration 142000 ************

Training agent...


********** Iteration 143000 ************

Training agent...


********** Iteration 144000 ************

Training agent...


********** Iteration 145000 ************

Training agent...


********** Iteration 146000 ************

Training agent...


********** Iteration 147000 ************

Training agent...


********** Iteration 148000 ************

Training agent...


********** Iteration 149000 ************

Training agent...


********** Iteration 150000 ************

Training agent...

Beginning logging procedure...
Timestep 150001
mean reward (100 episodes) 10.699036
best mean reward 10.699036
running time 1034.057268
Train_EnvstepsSoFar : 150001
Train_AverageReturn : 10.699035637139371
Train_BestReturn : 10.699035637139371
TimeSinceStart : 1034.0572679042816
Training Loss : 3.288864850997925
Done logging...




********** Iteration 151000 ************

Training agent...


********** Iteration 152000 ************

Training agent...


********** Iteration 153000 ************

Training agent...


********** Iteration 154000 ************

Training agent...


********** Iteration 155000 ************

Training agent...


********** Iteration 156000 ************

Training agent...


********** Iteration 157000 ************

Training agent...


********** Iteration 158000 ************

Training agent...


********** Iteration 159000 ************

Training agent...


********** Iteration 160000 ************

Training agent...

Beginning logging procedure...
Timestep 160001
mean reward (100 episodes) 13.911828
best mean reward 13.911828
running time 1105.003371
Train_EnvstepsSoFar : 160001
Train_AverageReturn : 13.911827832620695
Train_BestReturn : 13.911827832620695
TimeSinceStart : 1105.0033712387085
Training Loss : 0.17929962277412415
Done logging...




********** Iteration 161000 ************

Training agent...


********** Iteration 162000 ************

Training agent...


********** Iteration 163000 ************

Training agent...


********** Iteration 164000 ************

Training agent...


********** Iteration 165000 ************

Training agent...


********** Iteration 166000 ************

Training agent...


********** Iteration 167000 ************

Training agent...


********** Iteration 168000 ************

Training agent...


********** Iteration 169000 ************

Training agent...


********** Iteration 170000 ************

Training agent...

Beginning logging procedure...
Timestep 170001
mean reward (100 episodes) 20.390832
best mean reward 20.390832
running time 1174.091196
Train_EnvstepsSoFar : 170001
Train_AverageReturn : 20.3908318767226
Train_BestReturn : 20.3908318767226
TimeSinceStart : 1174.0911955833435
Training Loss : 0.15979832410812378
Done logging...




********** Iteration 171000 ************

Training agent...


********** Iteration 172000 ************

Training agent...


********** Iteration 173000 ************

Training agent...


********** Iteration 174000 ************

Training agent...


********** Iteration 175000 ************

Training agent...


********** Iteration 176000 ************

Training agent...


********** Iteration 177000 ************

Training agent...


********** Iteration 178000 ************

Training agent...


********** Iteration 179000 ************

Training agent...


********** Iteration 180000 ************

Training agent...

Beginning logging procedure...
Timestep 180001
mean reward (100 episodes) 18.184803
best mean reward 20.390832
running time 1243.980308
Train_EnvstepsSoFar : 180001
Train_AverageReturn : 18.18480341241592
Train_BestReturn : 20.3908318767226
TimeSinceStart : 1243.9803080558777
Training Loss : 0.24010665714740753
Done logging...




********** Iteration 181000 ************

Training agent...


********** Iteration 182000 ************

Training agent...


********** Iteration 183000 ************

Training agent...


********** Iteration 184000 ************

Training agent...


********** Iteration 185000 ************

Training agent...


********** Iteration 186000 ************

Training agent...


********** Iteration 187000 ************

Training agent...


********** Iteration 188000 ************

Training agent...


********** Iteration 189000 ************

Training agent...


********** Iteration 190000 ************

Training agent...

Beginning logging procedure...
Timestep 190001
mean reward (100 episodes) 23.833277
best mean reward 23.833277
running time 1312.211005
Train_EnvstepsSoFar : 190001
Train_AverageReturn : 23.833276914838198
Train_BestReturn : 23.833276914838198
TimeSinceStart : 1312.2110047340393
Training Loss : 0.5915799736976624
Done logging...




********** Iteration 191000 ************

Training agent...


********** Iteration 192000 ************

Training agent...


********** Iteration 193000 ************

Training agent...


********** Iteration 194000 ************

Training agent...


********** Iteration 195000 ************

Training agent...


********** Iteration 196000 ************

Training agent...


********** Iteration 197000 ************

Training agent...


********** Iteration 198000 ************

Training agent...


********** Iteration 199000 ************

Training agent...


********** Iteration 200000 ************

Training agent...

Beginning logging procedure...
Timestep 200001
mean reward (100 episodes) 54.589137
best mean reward 54.589137
running time 1378.663692
Train_EnvstepsSoFar : 200001
Train_AverageReturn : 54.58913738632179
Train_BestReturn : 54.58913738632179
TimeSinceStart : 1378.6636917591095
Training Loss : 0.10655748844146729
Done logging...




********** Iteration 201000 ************

Training agent...


********** Iteration 202000 ************

Training agent...


********** Iteration 203000 ************

Training agent...


********** Iteration 204000 ************

Training agent...


********** Iteration 205000 ************

Training agent...


********** Iteration 206000 ************

Training agent...


********** Iteration 207000 ************

Training agent...


********** Iteration 208000 ************

Training agent...


********** Iteration 209000 ************

Training agent...


********** Iteration 210000 ************

Training agent...

Beginning logging procedure...
Timestep 210001
mean reward (100 episodes) 103.678848
best mean reward 103.678848
running time 1439.644577
Train_EnvstepsSoFar : 210001
Train_AverageReturn : 103.67884766945664
Train_BestReturn : 103.67884766945664
TimeSinceStart : 1439.64457654953
Training Loss : 0.1687065213918686
Done logging...




********** Iteration 211000 ************

Training agent...


********** Iteration 212000 ************

Training agent...


********** Iteration 213000 ************

Training agent...


********** Iteration 214000 ************

Training agent...


********** Iteration 215000 ************

Training agent...


********** Iteration 216000 ************

Training agent...


********** Iteration 217000 ************

Training agent...


********** Iteration 218000 ************

Training agent...


********** Iteration 219000 ************

Training agent...


********** Iteration 220000 ************

Training agent...

Beginning logging procedure...
Timestep 220001
mean reward (100 episodes) 142.517380
best mean reward 142.517380
running time 1495.960886
Train_EnvstepsSoFar : 220001
Train_AverageReturn : 142.51737972286242
Train_BestReturn : 142.51737972286242
TimeSinceStart : 1495.960886478424
Training Loss : 0.1851101815700531
Done logging...




********** Iteration 221000 ************

Training agent...


********** Iteration 222000 ************

Training agent...


********** Iteration 223000 ************

Training agent...


********** Iteration 224000 ************

Training agent...


********** Iteration 225000 ************

Training agent...


********** Iteration 226000 ************

Training agent...


********** Iteration 227000 ************

Training agent...


********** Iteration 228000 ************

Training agent...


********** Iteration 229000 ************

Training agent...


********** Iteration 230000 ************

Training agent...

Beginning logging procedure...
Timestep 230001
mean reward (100 episodes) 176.818231
best mean reward 176.818231
running time 1552.126161
Train_EnvstepsSoFar : 230001
Train_AverageReturn : 176.81823090187945
Train_BestReturn : 176.81823090187945
TimeSinceStart : 1552.1261610984802
Training Loss : 0.09917016327381134
Done logging...




********** Iteration 231000 ************

Training agent...


********** Iteration 232000 ************

Training agent...


********** Iteration 233000 ************

Training agent...


********** Iteration 234000 ************

Training agent...


********** Iteration 235000 ************

Training agent...


********** Iteration 236000 ************

Training agent...


********** Iteration 237000 ************

Training agent...


********** Iteration 238000 ************

Training agent...


********** Iteration 239000 ************

Training agent...


********** Iteration 240000 ************

Training agent...

Beginning logging procedure...
Timestep 240001
mean reward (100 episodes) 194.186335
best mean reward 194.186335
running time 1609.822773
Train_EnvstepsSoFar : 240001
Train_AverageReturn : 194.1863354460591
Train_BestReturn : 194.1863354460591
TimeSinceStart : 1609.8227727413177
Training Loss : 0.10490864515304565
Done logging...




********** Iteration 241000 ************

Training agent...


********** Iteration 242000 ************

Training agent...


********** Iteration 243000 ************

Training agent...


********** Iteration 244000 ************

Training agent...


********** Iteration 245000 ************

Training agent...


********** Iteration 246000 ************

Training agent...


********** Iteration 247000 ************

Training agent...


********** Iteration 248000 ************

Training agent...


********** Iteration 249000 ************

Training agent...


********** Iteration 250000 ************

Training agent...

Beginning logging procedure...
Timestep 250001
mean reward (100 episodes) 189.377338
best mean reward 194.186335
running time 1667.213566
Train_EnvstepsSoFar : 250001
Train_AverageReturn : 189.37733832080613
Train_BestReturn : 194.1863354460591
TimeSinceStart : 1667.2135663032532
Training Loss : 0.2536395788192749
Done logging...




********** Iteration 251000 ************

Training agent...


********** Iteration 252000 ************

Training agent...


********** Iteration 253000 ************

Training agent...


********** Iteration 254000 ************

Training agent...


********** Iteration 255000 ************

Training agent...


********** Iteration 256000 ************

Training agent...


********** Iteration 257000 ************

Training agent...


********** Iteration 258000 ************

Training agent...


********** Iteration 259000 ************

Training agent...


********** Iteration 260000 ************

Training agent...

Beginning logging procedure...
Timestep 260001
mean reward (100 episodes) 194.643410
best mean reward 194.643410
running time 1723.063224
Train_EnvstepsSoFar : 260001
Train_AverageReturn : 194.64340961165544
Train_BestReturn : 194.64340961165544
TimeSinceStart : 1723.0632238388062
Training Loss : 0.09082996845245361
Done logging...




********** Iteration 261000 ************

Training agent...


********** Iteration 262000 ************

Training agent...


********** Iteration 263000 ************

Training agent...


********** Iteration 264000 ************

Training agent...


********** Iteration 265000 ************

Training agent...


********** Iteration 266000 ************

Training agent...


********** Iteration 267000 ************

Training agent...


********** Iteration 268000 ************

Training agent...


********** Iteration 269000 ************

Training agent...


********** Iteration 270000 ************

Training agent...

Beginning logging procedure...
Timestep 270001
mean reward (100 episodes) 211.036557
best mean reward 211.036557
running time 1778.372026
Train_EnvstepsSoFar : 270001
Train_AverageReturn : 211.03655694356257
Train_BestReturn : 211.03655694356257
TimeSinceStart : 1778.3720262050629
Training Loss : 0.10602346062660217
Done logging...




********** Iteration 271000 ************

Training agent...


********** Iteration 272000 ************

Training agent...


********** Iteration 273000 ************

Training agent...


********** Iteration 274000 ************

Training agent...


********** Iteration 275000 ************

Training agent...


********** Iteration 276000 ************

Training agent...


********** Iteration 277000 ************

Training agent...


********** Iteration 278000 ************

Training agent...


********** Iteration 279000 ************

Training agent...


********** Iteration 280000 ************

Training agent...

Beginning logging procedure...
Timestep 280001
mean reward (100 episodes) 227.788290
best mean reward 227.788290
running time 1835.631629
Train_EnvstepsSoFar : 280001
Train_AverageReturn : 227.7882898282409
Train_BestReturn : 227.7882898282409
TimeSinceStart : 1835.631629228592
Training Loss : 0.093666210770607
Done logging...




********** Iteration 281000 ************

Training agent...


********** Iteration 282000 ************

Training agent...


********** Iteration 283000 ************

Training agent...


********** Iteration 284000 ************

Training agent...


********** Iteration 285000 ************

Training agent...


********** Iteration 286000 ************

Training agent...


********** Iteration 287000 ************

Training agent...


********** Iteration 288000 ************

Training agent...


********** Iteration 289000 ************

Training agent...


********** Iteration 290000 ************

Training agent...

Beginning logging procedure...
Timestep 290001
mean reward (100 episodes) 243.325011
best mean reward 243.325011
running time 1870.819986
Train_EnvstepsSoFar : 290001
Train_AverageReturn : 243.32501111882667
Train_BestReturn : 243.32501111882667
TimeSinceStart : 1870.8199861049652
Training Loss : 0.26325923204421997
Done logging...




********** Iteration 291000 ************

Training agent...


********** Iteration 292000 ************

Training agent...


********** Iteration 293000 ************

Training agent...


********** Iteration 294000 ************

Training agent...


********** Iteration 295000 ************

Training agent...


********** Iteration 296000 ************

Training agent...


********** Iteration 297000 ************

Training agent...


********** Iteration 298000 ************

Training agent...


********** Iteration 299000 ************

Training agent...


********** Iteration 300000 ************

Training agent...

Beginning logging procedure...
Timestep 300001
mean reward (100 episodes) 252.277214
best mean reward 252.277214
running time 1899.017155
Train_EnvstepsSoFar : 300001
Train_AverageReturn : 252.27721427724177
Train_BestReturn : 252.27721427724177
TimeSinceStart : 1899.0171554088593
Training Loss : 0.15988215804100037
Done logging...


