Gym has been unmaintained since 2022 and does not support NumPy 2.0 amongst other critical functionality.
Please upgrade to Gymnasium, the maintained drop-in replacement of Gym, or contact the authors of your software and request that they upgrade.
See the migration guide at https://gymnasium.farama.org/introduction/migration_guide/ for additional information.



LOGGING TO:  /home/namankum/16831_hw/hw4/rob831/hw4_part1/scripts/../../data/hw4_q4_reacher_ensemble5_reacher-hw4_part1-v0_01-04-2026_12-14-29 



########################
logging outputs to  /home/namankum/16831_hw/hw4/rob831/hw4_part1/scripts/../../data/hw4_q4_reacher_ensemble5_reacher-hw4_part1-v0_01-04-2026_12-14-29
########################
Using GPU id 0
/home/namankum/16831_hw/hw2/.venv/lib64/python3.9/site-packages/gym/core.py:317: DeprecationWarning: [33mWARN: Initializing wrapper in old step API which returns one bool instead of two. It is recommended to set `new_step_api=True` to use new step API. This will be the default behaviour in future.[0m
  deprecation(
/home/namankum/16831_hw/hw2/.venv/lib64/python3.9/site-packages/gym/wrappers/step_api_compatibility.py:39: DeprecationWarning: [33mWARN: Initializing environment in old step API which returns one bool instead of two. It is recommended to set `new_step_api=True` to use new step API. This will be the default behaviour in future.[0m
  deprecation(
/home/namankum/16831_hw/hw2/.venv/lib64/python3.9/site-packages/gym/core.py:256: DeprecationWarning: [33mWARN: Function `env.seed(seed)` is marked as deprecated and will be removed in the future. Please use `env.reset(seed=seed)` instead.[0m
  deprecation(
/home/namankum/16831_hw/hw2/.venv/lib64/python3.9/site-packages/matplotlib/_fontconfig_pattern.py:64: PyparsingDeprecationWarning: 'oneOf' deprecated - use 'one_of'
  prop = Group((name + Suppress("=") + comma_separated(value)) | oneOf(_CONSTANTS))
/home/namankum/16831_hw/hw2/.venv/lib64/python3.9/site-packages/matplotlib/_fontconfig_pattern.py:85: PyparsingDeprecationWarning: 'parseString' deprecated - use 'parse_string'
  parse = parser.parseString(pattern)
/home/namankum/16831_hw/hw2/.venv/lib64/python3.9/site-packages/matplotlib/_fontconfig_pattern.py:89: PyparsingDeprecationWarning: 'resetCache' deprecated - use 'reset_cache'
  parser.resetCache()
Using action sampling strategy: random


********** Iteration 0 ************

Collecting data to be used for training...
/home/namankum/16831_hw/hw2/.venv/lib64/python3.9/site-packages/gym/utils/passive_env_checker.py:227: DeprecationWarning: [33mWARN: Core environment is written in old step API which returns one bool instead of two. It is recommended to rewrite the environment with new step API. [0m
  logger.deprecation(
/home/namankum/16831_hw/hw2/.venv/lib64/python3.9/site-packages/gym/utils/passive_env_checker.py:233: DeprecationWarning: `np.bool8` is a deprecated alias for `np.bool_`.  (Deprecated NumPy 1.24)
  if not isinstance(done, (bool, np.bool8)):
/home/namankum/16831_hw/hw2/.venv/lib64/python3.9/site-packages/gym/utils/passive_env_checker.py:234: UserWarning: [33mWARN: Expects `done` signal to be a boolean, actual type: <class 'numpy.float64'>[0m
  logger.warn(

Training agent...
/home/namankum/16831_hw/hw2/.venv/lib64/python3.9/site-packages/matplotlib/_mathtext.py:45: PyparsingDeprecationWarning: 'enablePackrat' deprecated - use 'enable_packrat'
  ParserElement.enablePackrat()
In /home/namankum/16831_hw/hw2/.venv/lib64/python3.9/site-packages/matplotlib/mpl-data/stylelib/classic.mplstyle: 'parseString' deprecated - use 'parse_string'
In /home/namankum/16831_hw/hw2/.venv/lib64/python3.9/site-packages/matplotlib/mpl-data/stylelib/classic.mplstyle: 'resetCache' deprecated - use 'reset_cache'

Beginning logging procedure...

Collecting data for eval...
Eval_AverageReturn : -458.572998046875
Eval_StdReturn : 77.48420715332031
Eval_MaxReturn : -381.0887756347656
Eval_MinReturn : -536.0571899414062
Eval_AverageEpLen : 200.0
Train_AverageReturn : -1827.7845458984375
Train_StdReturn : 408.0744323730469
Train_MaxReturn : -895.5824584960938
Train_MinReturn : -2559.80908203125
Train_AverageEpLen : 200.0
Train_EnvstepsSoFar : 20000
TimeSinceStart : 226.2024004459381
Training Loss : 0.19421163201332092
Initial_DataCollection_AverageReturn : -1827.7845458984375
Done logging...




********** Iteration 1 ************

Collecting data to be used for training...

Training agent...

Beginning logging procedure...

Collecting data for eval...
Eval_AverageReturn : -329.99346923828125
Eval_StdReturn : 20.156478881835938
Eval_MaxReturn : -309.8370056152344
Eval_MinReturn : -350.14996337890625
Eval_AverageEpLen : 200.0
Train_AverageReturn : -376.46856689453125
Train_StdReturn : 46.17158889770508
Train_MaxReturn : -314.4352722167969
Train_MinReturn : -438.1626281738281
Train_AverageEpLen : 200.0
Train_EnvstepsSoFar : 20800
TimeSinceStart : 740.0214266777039
Training Loss : 0.18220749497413635
Initial_DataCollection_AverageReturn : -1827.7845458984375
Done logging...




********** Iteration 2 ************

Collecting data to be used for training...

Training agent...

Beginning logging procedure...

Collecting data for eval...
Eval_AverageReturn : -306.581787109375
Eval_StdReturn : 17.717361450195312
Eval_MaxReturn : -288.86444091796875
Eval_MinReturn : -324.2991638183594
Eval_AverageEpLen : 200.0
Train_AverageReturn : -332.3463134765625
Train_StdReturn : 20.036291122436523
Train_MaxReturn : -307.6347961425781
Train_MinReturn : -360.45904541015625
Train_AverageEpLen : 200.0
Train_EnvstepsSoFar : 21600
TimeSinceStart : 1328.5759942531586
Training Loss : 0.17657776176929474
Initial_DataCollection_AverageReturn : -1827.7845458984375
Done logging...




********** Iteration 3 ************

Collecting data to be used for training...

Training agent...

Beginning logging procedure...

Collecting data for eval...
Eval_AverageReturn : -310.9798278808594
Eval_StdReturn : 6.0084228515625
Eval_MaxReturn : -304.9714050292969
Eval_MinReturn : -316.9882507324219
Eval_AverageEpLen : 200.0
Train_AverageReturn : -317.5537109375
Train_StdReturn : 12.030427932739258
Train_MaxReturn : -300.8350830078125
Train_MinReturn : -333.158935546875
Train_AverageEpLen : 200.0
Train_EnvstepsSoFar : 22400
TimeSinceStart : 1992.4088385105133
Training Loss : 0.1736259162425995
Initial_DataCollection_AverageReturn : -1827.7845458984375
Done logging...




********** Iteration 4 ************

Collecting data to be used for training...

Training agent...

Beginning logging procedure...

Collecting data for eval...
Eval_AverageReturn : -274.2007751464844
Eval_StdReturn : 9.594146728515625
Eval_MaxReturn : -264.60662841796875
Eval_MinReturn : -283.794921875
Eval_AverageEpLen : 200.0
Train_AverageReturn : -293.92364501953125
Train_StdReturn : 19.57605743408203
Train_MaxReturn : -273.4129333496094
Train_MinReturn : -323.0564270019531
Train_AverageEpLen : 200.0
Train_EnvstepsSoFar : 23200
TimeSinceStart : 2681.8628404140472
Training Loss : 0.1676877737045288
Initial_DataCollection_AverageReturn : -1827.7845458984375
Done logging...




********** Iteration 5 ************

Collecting data to be used for training...

Training agent...

Beginning logging procedure...

Collecting data for eval...
Eval_AverageReturn : -278.75146484375
Eval_StdReturn : 9.352493286132812
Eval_MaxReturn : -269.39898681640625
Eval_MinReturn : -288.1039733886719
Eval_AverageEpLen : 200.0
Train_AverageReturn : -302.093017578125
Train_StdReturn : 17.264205932617188
Train_MaxReturn : -274.12091064453125
Train_MinReturn : -318.2214660644531
Train_AverageEpLen : 200.0
Train_EnvstepsSoFar : 24000
TimeSinceStart : 3235.6106481552124
Training Loss : 0.16780248284339905
Initial_DataCollection_AverageReturn : -1827.7845458984375
Done logging...




********** Iteration 6 ************

Collecting data to be used for training...

Training agent...

Beginning logging procedure...

Collecting data for eval...
Eval_AverageReturn : -275.86309814453125
Eval_StdReturn : 13.250930786132812
Eval_MaxReturn : -262.6121520996094
Eval_MinReturn : -289.114013671875
Eval_AverageEpLen : 200.0
Train_AverageReturn : -291.33612060546875
Train_StdReturn : 27.08512306213379
Train_MaxReturn : -259.3670654296875
Train_MinReturn : -334.1882019042969
Train_AverageEpLen : 200.0
Train_EnvstepsSoFar : 24800
TimeSinceStart : 3755.4848182201385
Training Loss : 0.1640900820493698
Initial_DataCollection_AverageReturn : -1827.7845458984375
Done logging...




********** Iteration 7 ************

Collecting data to be used for training...

Training agent...

Beginning logging procedure...

Collecting data for eval...
Eval_AverageReturn : -250.02456665039062
Eval_StdReturn : 4.06988525390625
Eval_MaxReturn : -245.95468139648438
Eval_MinReturn : -254.09445190429688
Eval_AverageEpLen : 200.0
Train_AverageReturn : -271.97576904296875
Train_StdReturn : 8.761566162109375
Train_MaxReturn : -264.53924560546875
Train_MinReturn : -286.7561340332031
Train_AverageEpLen : 200.0
Train_EnvstepsSoFar : 25600
TimeSinceStart : 4268.864909172058
Training Loss : 0.15903808176517487
Initial_DataCollection_AverageReturn : -1827.7845458984375
Done logging...




********** Iteration 8 ************

Collecting data to be used for training...

Training agent...

Beginning logging procedure...

Collecting data for eval...
Eval_AverageReturn : -285.6966552734375
Eval_StdReturn : 4.4205169677734375
Eval_MaxReturn : -281.276123046875
Eval_MinReturn : -290.1171569824219
Eval_AverageEpLen : 200.0
Train_AverageReturn : -285.3699645996094
Train_StdReturn : 27.69255828857422
Train_MaxReturn : -258.3614196777344
Train_MinReturn : -330.9894104003906
Train_AverageEpLen : 200.0
Train_EnvstepsSoFar : 26400
TimeSinceStart : 4783.858434677124
Training Loss : 0.16050060093402863
Initial_DataCollection_AverageReturn : -1827.7845458984375
Done logging...




********** Iteration 9 ************

Collecting data to be used for training...

Training agent...

Beginning logging procedure...

Collecting data for eval...
Eval_AverageReturn : -286.9745788574219
Eval_StdReturn : 10.882568359375
Eval_MaxReturn : -276.0920104980469
Eval_MinReturn : -297.8571472167969
Eval_AverageEpLen : 200.0
Train_AverageReturn : -274.921630859375
Train_StdReturn : 16.91887092590332
Train_MaxReturn : -260.21173095703125
Train_MinReturn : -303.7200622558594
Train_AverageEpLen : 200.0
Train_EnvstepsSoFar : 27200
TimeSinceStart : 5282.569298505783
Training Loss : 0.15404263138771057
Initial_DataCollection_AverageReturn : -1827.7845458984375
Done logging...




********** Iteration 10 ************

Collecting data to be used for training...

Training agent...

Beginning logging procedure...

Collecting data for eval...
Eval_AverageReturn : -315.13922119140625
Eval_StdReturn : 11.266448974609375
Eval_MaxReturn : -303.8727722167969
Eval_MinReturn : -326.4056701660156
Eval_AverageEpLen : 200.0
Train_AverageReturn : -273.75592041015625
Train_StdReturn : 5.026880264282227
Train_MaxReturn : -267.8980712890625
Train_MinReturn : -279.05462646484375
Train_AverageEpLen : 200.0
Train_EnvstepsSoFar : 28000
TimeSinceStart : 5714.66458940506
Training Loss : 0.15122830867767334
Initial_DataCollection_AverageReturn : -1827.7845458984375
Done logging...




********** Iteration 11 ************

Collecting data to be used for training...

Training agent...

Beginning logging procedure...

Collecting data for eval...
Eval_AverageReturn : -272.14276123046875
Eval_StdReturn : 4.7844085693359375
Eval_MaxReturn : -267.3583679199219
Eval_MinReturn : -276.92718505859375
Eval_AverageEpLen : 200.0
Train_AverageReturn : -299.29296875
Train_StdReturn : 21.569293975830078
Train_MaxReturn : -263.16925048828125
Train_MinReturn : -317.2118835449219
Train_AverageEpLen : 200.0
Train_EnvstepsSoFar : 28800
TimeSinceStart : 6102.279308080673
Training Loss : 0.1510780155658722
Initial_DataCollection_AverageReturn : -1827.7845458984375
Done logging...




********** Iteration 12 ************

Collecting data to be used for training...

Training agent...

Beginning logging procedure...

Collecting data for eval...
Eval_AverageReturn : -285.209228515625
Eval_StdReturn : 13.441177368164062
Eval_MaxReturn : -271.76806640625
Eval_MinReturn : -298.6504211425781
Eval_AverageEpLen : 200.0
Train_AverageReturn : -275.326171875
Train_StdReturn : 15.791956901550293
Train_MaxReturn : -253.6494140625
Train_MinReturn : -297.987548828125
Train_AverageEpLen : 200.0
Train_EnvstepsSoFar : 29600
TimeSinceStart : 6483.004008293152
Training Loss : 0.15018078684806824
Initial_DataCollection_AverageReturn : -1827.7845458984375
Done logging...




********** Iteration 13 ************

Collecting data to be used for training...

Training agent...

Beginning logging procedure...

Collecting data for eval...
Eval_AverageReturn : -260.29217529296875
Eval_StdReturn : 1.7993621826171875
Eval_MaxReturn : -258.4928283691406
Eval_MinReturn : -262.091552734375
Eval_AverageEpLen : 200.0
Train_AverageReturn : -279.0087890625
Train_StdReturn : 26.94925308227539
Train_MaxReturn : -252.80841064453125
Train_MinReturn : -323.31317138671875
Train_AverageEpLen : 200.0
Train_EnvstepsSoFar : 30400
TimeSinceStart : 6854.978576183319
Training Loss : 0.14443054795265198
Initial_DataCollection_AverageReturn : -1827.7845458984375
Done logging...




********** Iteration 14 ************

Collecting data to be used for training...

Training agent...

Beginning logging procedure...

Collecting data for eval...
Eval_AverageReturn : -271.609130859375
Eval_StdReturn : 12.787429809570312
Eval_MaxReturn : -258.82171630859375
Eval_MinReturn : -284.3965759277344
Eval_AverageEpLen : 200.0
Train_AverageReturn : -275.763671875
Train_StdReturn : 26.621868133544922
Train_MaxReturn : -235.8649139404297
Train_MinReturn : -310.216552734375
Train_AverageEpLen : 200.0
Train_EnvstepsSoFar : 31200
TimeSinceStart : 7193.040217399597
Training Loss : 0.1446438580751419
Initial_DataCollection_AverageReturn : -1827.7845458984375
Done logging...


