Gym has been unmaintained since 2022 and does not support NumPy 2.0 amongst other critical functionality.
Please upgrade to Gymnasium, the maintained drop-in replacement of Gym, or contact the authors of your software and request that they upgrade.
See the migration guide at https://gymnasium.farama.org/introduction/migration_guide/ for additional information.



LOGGING TO:  /home/namankum/16831_hw/hw4/rob831/hw4_part1/scripts/../../data/hw4_q5_cheetah_cem_2_cheetah-hw4_part1-v0_01-04-2026_12-14-29 



########################
logging outputs to  /home/namankum/16831_hw/hw4/rob831/hw4_part1/scripts/../../data/hw4_q5_cheetah_cem_2_cheetah-hw4_part1-v0_01-04-2026_12-14-29
########################
Using GPU id 0
/home/namankum/16831_hw/hw2/.venv/lib64/python3.9/site-packages/gym/core.py:317: DeprecationWarning: [33mWARN: Initializing wrapper in old step API which returns one bool instead of two. It is recommended to set `new_step_api=True` to use new step API. This will be the default behaviour in future.[0m
  deprecation(
/home/namankum/16831_hw/hw2/.venv/lib64/python3.9/site-packages/gym/wrappers/step_api_compatibility.py:39: DeprecationWarning: [33mWARN: Initializing environment in old step API which returns one bool instead of two. It is recommended to set `new_step_api=True` to use new step API. This will be the default behaviour in future.[0m
  deprecation(
/home/namankum/16831_hw/hw2/.venv/lib64/python3.9/site-packages/gym/core.py:256: DeprecationWarning: [33mWARN: Function `env.seed(seed)` is marked as deprecated and will be removed in the future. Please use `env.reset(seed=seed)` instead.[0m
  deprecation(
/home/namankum/16831_hw/hw2/.venv/lib64/python3.9/site-packages/matplotlib/_fontconfig_pattern.py:64: PyparsingDeprecationWarning: 'oneOf' deprecated - use 'one_of'
  prop = Group((name + Suppress("=") + comma_separated(value)) | oneOf(_CONSTANTS))
/home/namankum/16831_hw/hw2/.venv/lib64/python3.9/site-packages/matplotlib/_fontconfig_pattern.py:85: PyparsingDeprecationWarning: 'parseString' deprecated - use 'parse_string'
  parse = parser.parseString(pattern)
/home/namankum/16831_hw/hw2/.venv/lib64/python3.9/site-packages/matplotlib/_fontconfig_pattern.py:89: PyparsingDeprecationWarning: 'resetCache' deprecated - use 'reset_cache'
  parser.resetCache()
Using action sampling strategy: cem
CEM params: alpha=1, num_elites=5, iterations=2


********** Iteration 0 ************

Collecting data to be used for training...
/home/namankum/16831_hw/hw2/.venv/lib64/python3.9/site-packages/gym/utils/seeding.py:53: DeprecationWarning: [33mWARN: Function `rng.randn(*size)` is marked as deprecated and will be removed in the future. Please use `rng.standard_normal(size)` instead.[0m
  deprecation(
/home/namankum/16831_hw/hw2/.venv/lib64/python3.9/site-packages/gym/utils/passive_env_checker.py:227: DeprecationWarning: [33mWARN: Core environment is written in old step API which returns one bool instead of two. It is recommended to rewrite the environment with new step API. [0m
  logger.deprecation(
/home/namankum/16831_hw/hw2/.venv/lib64/python3.9/site-packages/gym/utils/passive_env_checker.py:233: DeprecationWarning: `np.bool8` is a deprecated alias for `np.bool_`.  (Deprecated NumPy 1.24)
  if not isinstance(done, (bool, np.bool8)):
/home/namankum/16831_hw/hw2/.venv/lib64/python3.9/site-packages/gym/utils/passive_env_checker.py:234: UserWarning: [33mWARN: Expects `done` signal to be a boolean, actual type: <class 'numpy.float64'>[0m
  logger.warn(

Training agent...
/home/namankum/16831_hw/hw2/.venv/lib64/python3.9/site-packages/matplotlib/_mathtext.py:45: PyparsingDeprecationWarning: 'enablePackrat' deprecated - use 'enable_packrat'
  ParserElement.enablePackrat()
In /home/namankum/16831_hw/hw2/.venv/lib64/python3.9/site-packages/matplotlib/mpl-data/stylelib/classic.mplstyle: 'parseString' deprecated - use 'parse_string'
In /home/namankum/16831_hw/hw2/.venv/lib64/python3.9/site-packages/matplotlib/mpl-data/stylelib/classic.mplstyle: 'resetCache' deprecated - use 'reset_cache'
/home/namankum/16831_hw/hw2/.venv/lib64/python3.9/site-packages/gym/utils/seeding.py:53: DeprecationWarning: [33mWARN: Function `rng.randn(*size)` is marked as deprecated and will be removed in the future. Please use `rng.standard_normal(size)` instead.[0m
  deprecation(

Beginning logging procedure...

Collecting data for eval...
Eval_AverageReturn : 151.7035369873047
Eval_StdReturn : 0.0
Eval_MaxReturn : 151.7035369873047
Eval_MinReturn : 151.7035369873047
Eval_AverageEpLen : 500.0
Train_AverageReturn : -2533.13134765625
Train_StdReturn : 374.7757873535156
Train_MaxReturn : -1805.21533203125
Train_MinReturn : -3110.7998046875
Train_AverageEpLen : 500.0
Train_EnvstepsSoFar : 5000
TimeSinceStart : 413.13209557533264
Training Loss : 0.07358307391405106
Initial_DataCollection_AverageReturn : -2533.13134765625
Done logging...




********** Iteration 1 ************

Collecting data to be used for training...

Training agent...

Beginning logging procedure...

Collecting data for eval...
Eval_AverageReturn : 227.82424926757812
Eval_StdReturn : 0.0
Eval_MaxReturn : 227.82424926757812
Eval_MinReturn : 227.82424926757812
Eval_AverageEpLen : 500.0
Train_AverageReturn : 142.29547119140625
Train_StdReturn : 15.53203010559082
Train_MaxReturn : 164.34234619140625
Train_MinReturn : 108.18063354492188
Train_AverageEpLen : 500.0
Train_EnvstepsSoFar : 10000
TimeSinceStart : 4823.656575679779
Training Loss : 0.1063350960612297
Initial_DataCollection_AverageReturn : -2533.13134765625
Done logging...




********** Iteration 2 ************

Collecting data to be used for training...

Training agent...

Beginning logging procedure...

Collecting data for eval...
Eval_AverageReturn : 244.18035888671875
Eval_StdReturn : 0.0
Eval_MaxReturn : 244.18035888671875
Eval_MinReturn : 244.18035888671875
Eval_AverageEpLen : 500.0
Train_AverageReturn : 198.96328735351562
Train_StdReturn : 17.639284133911133
Train_MaxReturn : 226.08258056640625
Train_MinReturn : 175.00335693359375
Train_AverageEpLen : 500.0
Train_EnvstepsSoFar : 15000
TimeSinceStart : 7632.0107858181
Training Loss : 0.1059841513633728
Initial_DataCollection_AverageReturn : -2533.13134765625
Done logging...




********** Iteration 3 ************

Collecting data to be used for training...

Training agent...

Beginning logging procedure...

Collecting data for eval...
Eval_AverageReturn : 411.37249755859375
Eval_StdReturn : 0.0
Eval_MaxReturn : 411.37249755859375
Eval_MinReturn : 411.37249755859375
Eval_AverageEpLen : 500.0
Train_AverageReturn : 331.9296569824219
Train_StdReturn : 25.295480728149414
Train_MaxReturn : 357.4924011230469
Train_MinReturn : 263.5169372558594
Train_AverageEpLen : 500.0
Train_EnvstepsSoFar : 20000
TimeSinceStart : 9230.764980793
Training Loss : 0.10959729552268982
Initial_DataCollection_AverageReturn : -2533.13134765625
Done logging...




********** Iteration 4 ************

Collecting data to be used for training...

Training agent...

Beginning logging procedure...

Collecting data for eval...
Eval_AverageReturn : 432.4935302734375
Eval_StdReturn : 0.0
Eval_MaxReturn : 432.4935302734375
Eval_MinReturn : 432.4935302734375
Eval_AverageEpLen : 500.0
Train_AverageReturn : 386.37054443359375
Train_StdReturn : 39.77442169189453
Train_MaxReturn : 447.1263122558594
Train_MinReturn : 318.98046875
Train_AverageEpLen : 500.0
Train_EnvstepsSoFar : 25000
TimeSinceStart : 10554.274024486542
Training Loss : 0.1090308427810669
Initial_DataCollection_AverageReturn : -2533.13134765625
Done logging...


