Gym has been unmaintained since 2022 and does not support NumPy 2.0 amongst other critical functionality.
Please upgrade to Gymnasium, the maintained drop-in replacement of Gym, or contact the authors of your software and request that they upgrade.
See the migration guide at https://gymnasium.farama.org/introduction/migration_guide/ for additional information.



LOGGING TO:  /home/namankum/16831_hw/hw4/rob831/hw4_part1/scripts/../../data/hw4_q5_cheetah_cem_4_cheetah-hw4_part1-v0_01-04-2026_12-14-29 



########################
logging outputs to  /home/namankum/16831_hw/hw4/rob831/hw4_part1/scripts/../../data/hw4_q5_cheetah_cem_4_cheetah-hw4_part1-v0_01-04-2026_12-14-29
########################
Using GPU id 0
/home/namankum/16831_hw/hw2/.venv/lib64/python3.9/site-packages/gym/core.py:317: DeprecationWarning: [33mWARN: Initializing wrapper in old step API which returns one bool instead of two. It is recommended to set `new_step_api=True` to use new step API. This will be the default behaviour in future.[0m
  deprecation(
/home/namankum/16831_hw/hw2/.venv/lib64/python3.9/site-packages/gym/wrappers/step_api_compatibility.py:39: DeprecationWarning: [33mWARN: Initializing environment in old step API which returns one bool instead of two. It is recommended to set `new_step_api=True` to use new step API. This will be the default behaviour in future.[0m
  deprecation(
/home/namankum/16831_hw/hw2/.venv/lib64/python3.9/site-packages/gym/core.py:256: DeprecationWarning: [33mWARN: Function `env.seed(seed)` is marked as deprecated and will be removed in the future. Please use `env.reset(seed=seed)` instead.[0m
  deprecation(
/home/namankum/16831_hw/hw2/.venv/lib64/python3.9/site-packages/matplotlib/_fontconfig_pattern.py:64: PyparsingDeprecationWarning: 'oneOf' deprecated - use 'one_of'
  prop = Group((name + Suppress("=") + comma_separated(value)) | oneOf(_CONSTANTS))
/home/namankum/16831_hw/hw2/.venv/lib64/python3.9/site-packages/matplotlib/_fontconfig_pattern.py:85: PyparsingDeprecationWarning: 'parseString' deprecated - use 'parse_string'
  parse = parser.parseString(pattern)
/home/namankum/16831_hw/hw2/.venv/lib64/python3.9/site-packages/matplotlib/_fontconfig_pattern.py:89: PyparsingDeprecationWarning: 'resetCache' deprecated - use 'reset_cache'
  parser.resetCache()
Using action sampling strategy: cem
CEM params: alpha=1, num_elites=5, iterations=4


********** Iteration 0 ************

Collecting data to be used for training...
/home/namankum/16831_hw/hw2/.venv/lib64/python3.9/site-packages/gym/utils/seeding.py:53: DeprecationWarning: [33mWARN: Function `rng.randn(*size)` is marked as deprecated and will be removed in the future. Please use `rng.standard_normal(size)` instead.[0m
  deprecation(
/home/namankum/16831_hw/hw2/.venv/lib64/python3.9/site-packages/gym/utils/passive_env_checker.py:227: DeprecationWarning: [33mWARN: Core environment is written in old step API which returns one bool instead of two. It is recommended to rewrite the environment with new step API. [0m
  logger.deprecation(
/home/namankum/16831_hw/hw2/.venv/lib64/python3.9/site-packages/gym/utils/passive_env_checker.py:233: DeprecationWarning: `np.bool8` is a deprecated alias for `np.bool_`.  (Deprecated NumPy 1.24)
  if not isinstance(done, (bool, np.bool8)):
/home/namankum/16831_hw/hw2/.venv/lib64/python3.9/site-packages/gym/utils/passive_env_checker.py:234: UserWarning: [33mWARN: Expects `done` signal to be a boolean, actual type: <class 'numpy.float64'>[0m
  logger.warn(

Training agent...
/home/namankum/16831_hw/hw2/.venv/lib64/python3.9/site-packages/matplotlib/_mathtext.py:45: PyparsingDeprecationWarning: 'enablePackrat' deprecated - use 'enable_packrat'
  ParserElement.enablePackrat()
In /home/namankum/16831_hw/hw2/.venv/lib64/python3.9/site-packages/matplotlib/mpl-data/stylelib/classic.mplstyle: 'parseString' deprecated - use 'parse_string'
In /home/namankum/16831_hw/hw2/.venv/lib64/python3.9/site-packages/matplotlib/mpl-data/stylelib/classic.mplstyle: 'resetCache' deprecated - use 'reset_cache'
/home/namankum/16831_hw/hw2/.venv/lib64/python3.9/site-packages/gym/utils/seeding.py:53: DeprecationWarning: [33mWARN: Function `rng.randn(*size)` is marked as deprecated and will be removed in the future. Please use `rng.standard_normal(size)` instead.[0m
  deprecation(

Beginning logging procedure...

Collecting data for eval...
Eval_AverageReturn : 174.5146484375
Eval_StdReturn : 0.0
Eval_MaxReturn : 174.5146484375
Eval_MinReturn : 174.5146484375
Eval_AverageEpLen : 500.0
Train_AverageReturn : -2533.13134765625
Train_StdReturn : 374.7757873535156
Train_MaxReturn : -1805.21533203125
Train_MinReturn : -3110.7998046875
Train_AverageEpLen : 500.0
Train_EnvstepsSoFar : 5000
TimeSinceStart : 783.8652279376984
Training Loss : 0.07358307391405106
Initial_DataCollection_AverageReturn : -2533.13134765625
Done logging...




********** Iteration 1 ************

Collecting data to be used for training...

Training agent...

Beginning logging procedure...

Collecting data for eval...
Eval_AverageReturn : 441.7369384765625
Eval_StdReturn : 0.0
Eval_MaxReturn : 441.7369384765625
Eval_MinReturn : 441.7369384765625
Eval_AverageEpLen : 500.0
Train_AverageReturn : 186.9547119140625
Train_StdReturn : 18.29787826538086
Train_MaxReturn : 210.21376037597656
Train_MinReturn : 154.25177001953125
Train_AverageEpLen : 500.0
Train_EnvstepsSoFar : 10000
TimeSinceStart : 7808.715247869492
Training Loss : 0.10809623450040817
Initial_DataCollection_AverageReturn : -2533.13134765625
Done logging...




********** Iteration 2 ************

Collecting data to be used for training...

Training agent...

Beginning logging procedure...

Collecting data for eval...
Eval_AverageReturn : 737.1053466796875
Eval_StdReturn : 0.0
Eval_MaxReturn : 737.1053466796875
Eval_MinReturn : 737.1053466796875
Eval_AverageEpLen : 500.0
Train_AverageReturn : 436.9325256347656
Train_StdReturn : 13.372772216796875
Train_MaxReturn : 456.8621826171875
Train_MinReturn : 415.9544677734375
Train_AverageEpLen : 500.0
Train_EnvstepsSoFar : 15000
TimeSinceStart : 10634.639659166336
Training Loss : 0.11106041818857193
Initial_DataCollection_AverageReturn : -2533.13134765625
Done logging...




********** Iteration 3 ************

Collecting data to be used for training...

Training agent...

Beginning logging procedure...

Collecting data for eval...
Eval_AverageReturn : 729.44384765625
Eval_StdReturn : 0.0
Eval_MaxReturn : 729.44384765625
Eval_MinReturn : 729.44384765625
Eval_AverageEpLen : 500.0
Train_AverageReturn : 680.90576171875
Train_StdReturn : 57.849037170410156
Train_MaxReturn : 754.4755859375
Train_MinReturn : 557.9312744140625
Train_AverageEpLen : 500.0
Train_EnvstepsSoFar : 20000
TimeSinceStart : 12701.160686016083
Training Loss : 0.10610658675432205
Initial_DataCollection_AverageReturn : -2533.13134765625
Done logging...




********** Iteration 4 ************

Collecting data to be used for training...

Training agent...

Beginning logging procedure...

Collecting data for eval...
Eval_AverageReturn : 839.2322998046875
Eval_StdReturn : 0.0
Eval_MaxReturn : 839.2322998046875
Eval_MinReturn : 839.2322998046875
Eval_AverageEpLen : 500.0
Train_AverageReturn : 752.6128540039062
Train_StdReturn : 29.340648651123047
Train_MaxReturn : 815.5948486328125
Train_MinReturn : 710.5018310546875
Train_AverageEpLen : 500.0
Train_EnvstepsSoFar : 25000
TimeSinceStart : 14255.820675611496
Training Loss : 0.11271321773529053
Initial_DataCollection_AverageReturn : -2533.13134765625
Done logging...


