Gym has been unmaintained since 2022 and does not support NumPy 2.0 amongst other critical functionality.
Please upgrade to Gymnasium, the maintained drop-in replacement of Gym, or contact the authors of your software and request that they upgrade.
See the migration guide at https://gymnasium.farama.org/introduction/migration_guide/ for additional information.



LOGGING TO:  /home/namankum/16831_hw/hw4/rob831/hw4_part1/scripts/../../data/hw4_q5_cheetah_random_cheetah-hw4_part1-v0_01-04-2026_12-14-29 



########################
logging outputs to  /home/namankum/16831_hw/hw4/rob831/hw4_part1/scripts/../../data/hw4_q5_cheetah_random_cheetah-hw4_part1-v0_01-04-2026_12-14-29
########################
Using GPU id 0
/home/namankum/16831_hw/hw2/.venv/lib64/python3.9/site-packages/gym/core.py:317: DeprecationWarning: [33mWARN: Initializing wrapper in old step API which returns one bool instead of two. It is recommended to set `new_step_api=True` to use new step API. This will be the default behaviour in future.[0m
  deprecation(
/home/namankum/16831_hw/hw2/.venv/lib64/python3.9/site-packages/gym/wrappers/step_api_compatibility.py:39: DeprecationWarning: [33mWARN: Initializing environment in old step API which returns one bool instead of two. It is recommended to set `new_step_api=True` to use new step API. This will be the default behaviour in future.[0m
  deprecation(
/home/namankum/16831_hw/hw2/.venv/lib64/python3.9/site-packages/gym/core.py:256: DeprecationWarning: [33mWARN: Function `env.seed(seed)` is marked as deprecated and will be removed in the future. Please use `env.reset(seed=seed)` instead.[0m
  deprecation(
/home/namankum/16831_hw/hw2/.venv/lib64/python3.9/site-packages/matplotlib/_fontconfig_pattern.py:64: PyparsingDeprecationWarning: 'oneOf' deprecated - use 'one_of'
  prop = Group((name + Suppress("=") + comma_separated(value)) | oneOf(_CONSTANTS))
/home/namankum/16831_hw/hw2/.venv/lib64/python3.9/site-packages/matplotlib/_fontconfig_pattern.py:85: PyparsingDeprecationWarning: 'parseString' deprecated - use 'parse_string'
  parse = parser.parseString(pattern)
/home/namankum/16831_hw/hw2/.venv/lib64/python3.9/site-packages/matplotlib/_fontconfig_pattern.py:89: PyparsingDeprecationWarning: 'resetCache' deprecated - use 'reset_cache'
  parser.resetCache()
Using action sampling strategy: random


********** Iteration 0 ************

Collecting data to be used for training...
/home/namankum/16831_hw/hw2/.venv/lib64/python3.9/site-packages/gym/utils/seeding.py:53: DeprecationWarning: [33mWARN: Function `rng.randn(*size)` is marked as deprecated and will be removed in the future. Please use `rng.standard_normal(size)` instead.[0m
  deprecation(
/home/namankum/16831_hw/hw2/.venv/lib64/python3.9/site-packages/gym/utils/passive_env_checker.py:227: DeprecationWarning: [33mWARN: Core environment is written in old step API which returns one bool instead of two. It is recommended to rewrite the environment with new step API. [0m
  logger.deprecation(
/home/namankum/16831_hw/hw2/.venv/lib64/python3.9/site-packages/gym/utils/passive_env_checker.py:233: DeprecationWarning: `np.bool8` is a deprecated alias for `np.bool_`.  (Deprecated NumPy 1.24)
  if not isinstance(done, (bool, np.bool8)):
/home/namankum/16831_hw/hw2/.venv/lib64/python3.9/site-packages/gym/utils/passive_env_checker.py:234: UserWarning: [33mWARN: Expects `done` signal to be a boolean, actual type: <class 'numpy.float64'>[0m
  logger.warn(

Training agent...
/home/namankum/16831_hw/hw2/.venv/lib64/python3.9/site-packages/matplotlib/_mathtext.py:45: PyparsingDeprecationWarning: 'enablePackrat' deprecated - use 'enable_packrat'
  ParserElement.enablePackrat()
In /home/namankum/16831_hw/hw2/.venv/lib64/python3.9/site-packages/matplotlib/mpl-data/stylelib/classic.mplstyle: 'parseString' deprecated - use 'parse_string'
In /home/namankum/16831_hw/hw2/.venv/lib64/python3.9/site-packages/matplotlib/mpl-data/stylelib/classic.mplstyle: 'resetCache' deprecated - use 'reset_cache'
/home/namankum/16831_hw/hw2/.venv/lib64/python3.9/site-packages/gym/utils/seeding.py:53: DeprecationWarning: [33mWARN: Function `rng.randn(*size)` is marked as deprecated and will be removed in the future. Please use `rng.standard_normal(size)` instead.[0m
  deprecation(

Beginning logging procedure...

Collecting data for eval...
Eval_AverageReturn : 122.06026458740234
Eval_StdReturn : 0.0
Eval_MaxReturn : 122.06026458740234
Eval_MinReturn : 122.06026458740234
Eval_AverageEpLen : 500.0
Train_AverageReturn : -2533.13134765625
Train_StdReturn : 374.7757873535156
Train_MaxReturn : -1805.21533203125
Train_MinReturn : -3110.7998046875
Train_AverageEpLen : 500.0
Train_EnvstepsSoFar : 5000
TimeSinceStart : 402.58731269836426
Training Loss : 0.07358307391405106
Initial_DataCollection_AverageReturn : -2533.13134765625
Done logging...




********** Iteration 1 ************

Collecting data to be used for training...

Training agent...

Beginning logging procedure...

Collecting data for eval...
Eval_AverageReturn : 174.8114013671875
Eval_StdReturn : 0.0
Eval_MaxReturn : 174.8114013671875
Eval_MinReturn : 174.8114013671875
Eval_AverageEpLen : 500.0
Train_AverageReturn : 137.55201721191406
Train_StdReturn : 23.48212242126465
Train_MaxReturn : 181.44680786132812
Train_MinReturn : 108.85714721679688
Train_AverageEpLen : 500.0
Train_EnvstepsSoFar : 10000
TimeSinceStart : 3069.9045400619507
Training Loss : 0.09556206315755844
Initial_DataCollection_AverageReturn : -2533.13134765625
Done logging...




********** Iteration 2 ************

Collecting data to be used for training...

Training agent...

Beginning logging procedure...

Collecting data for eval...
Eval_AverageReturn : 348.28363037109375
Eval_StdReturn : 0.0
Eval_MaxReturn : 348.28363037109375
Eval_MinReturn : 348.28363037109375
Eval_AverageEpLen : 500.0
Train_AverageReturn : 198.04550170898438
Train_StdReturn : 25.34197235107422
Train_MaxReturn : 229.51638793945312
Train_MinReturn : 136.90872192382812
Train_AverageEpLen : 500.0
Train_EnvstepsSoFar : 15000
TimeSinceStart : 4999.063698530197
Training Loss : 0.0979047641158104
Initial_DataCollection_AverageReturn : -2533.13134765625
Done logging...




********** Iteration 3 ************

Collecting data to be used for training...

Training agent...

Beginning logging procedure...

Collecting data for eval...
Eval_AverageReturn : 231.49172973632812
Eval_StdReturn : 0.0
Eval_MaxReturn : 231.49172973632812
Eval_MinReturn : 231.49172973632812
Eval_AverageEpLen : 500.0
Train_AverageReturn : 248.95498657226562
Train_StdReturn : 24.894254684448242
Train_MaxReturn : 314.3948974609375
Train_MinReturn : 227.66891479492188
Train_AverageEpLen : 500.0
Train_EnvstepsSoFar : 20000
TimeSinceStart : 6544.356516599655
Training Loss : 0.10147299617528915
Initial_DataCollection_AverageReturn : -2533.13134765625
Done logging...




********** Iteration 4 ************

Collecting data to be used for training...

Training agent...

Beginning logging procedure...

Collecting data for eval...
Eval_AverageReturn : 204.4077606201172
Eval_StdReturn : 0.0
Eval_MaxReturn : 204.4077606201172
Eval_MinReturn : 204.4077606201172
Eval_AverageEpLen : 500.0
Train_AverageReturn : 298.656982421875
Train_StdReturn : 24.62773323059082
Train_MaxReturn : 335.45318603515625
Train_MinReturn : 255.40631103515625
Train_AverageEpLen : 500.0
Train_EnvstepsSoFar : 25000
TimeSinceStart : 7756.052960157394
Training Loss : 0.09922996908426285
Initial_DataCollection_AverageReturn : -2533.13134765625
Done logging...


